Archive member included because of file (symbol)

c:/program files (x86)/gnu tools arm embedded/4.9 2015q3/bin/../lib/gcc/arm-none-eabi/4.9.3/armv7e-m/fpu\libgcc.a(_aeabi_ldivmod.o)
                              ./synergy/ssp/src/driver/r_sci_uart/r_sci_uart.o (__aeabi_ldivmod)
c:/program files (x86)/gnu tools arm embedded/4.9 2015q3/bin/../lib/gcc/arm-none-eabi/4.9.3/armv7e-m/fpu\libgcc.a(bpabi.o)
                              c:/program files (x86)/gnu tools arm embedded/4.9 2015q3/bin/../lib/gcc/arm-none-eabi/4.9.3/armv7e-m/fpu\libgcc.a(_aeabi_ldivmod.o) (__gnu_ldivmod_helper)
c:/program files (x86)/gnu tools arm embedded/4.9 2015q3/bin/../lib/gcc/arm-none-eabi/4.9.3/armv7e-m/fpu\libgcc.a(_dvmd_tls.o)
                              c:/program files (x86)/gnu tools arm embedded/4.9 2015q3/bin/../lib/gcc/arm-none-eabi/4.9.3/armv7e-m/fpu\libgcc.a(_aeabi_ldivmod.o) (__aeabi_ldiv0)
c:/program files (x86)/gnu tools arm embedded/4.9 2015q3/bin/../lib/gcc/arm-none-eabi/4.9.3/armv7e-m/fpu\libgcc.a(_divdi3.o)
                              c:/program files (x86)/gnu tools arm embedded/4.9 2015q3/bin/../lib/gcc/arm-none-eabi/4.9.3/armv7e-m/fpu\libgcc.a(bpabi.o) (__divdi3)
c:/program files (x86)/gnu tools arm embedded/4.9 2015q3/bin/../lib/gcc/arm-none-eabi/4.9.3/armv7e-m/fpu\libgcc.a(_udivdi3.o)
                              c:/program files (x86)/gnu tools arm embedded/4.9 2015q3/bin/../lib/gcc/arm-none-eabi/4.9.3/armv7e-m/fpu\libgcc.a(bpabi.o) (__udivdi3)
c:/program files (x86)/gnu tools arm embedded/4.9 2015q3/bin/../lib/gcc/arm-none-eabi/4.9.3/../../../../arm-none-eabi/lib/armv7e-m/fpu\libg_nano.a(lib_a-errno.o)
                              ./synergy/ssp/src/bsp/mcu/all/bsp_sbrk.o (__errno)
c:/program files (x86)/gnu tools arm embedded/4.9 2015q3/bin/../lib/gcc/arm-none-eabi/4.9.3/../../../../arm-none-eabi/lib/armv7e-m/fpu\libg_nano.a(lib_a-exit.o)
                              c:/program files (x86)/gnu tools arm embedded/4.9 2015q3/bin/../lib/gcc/arm-none-eabi/4.9.3/../../../../arm-none-eabi/lib/armv7e-m/fpu/rdimon-crt0.o (exit)
c:/program files (x86)/gnu tools arm embedded/4.9 2015q3/bin/../lib/gcc/arm-none-eabi/4.9.3/../../../../arm-none-eabi/lib/armv7e-m/fpu\libg_nano.a(lib_a-impure.o)
                              c:/program files (x86)/gnu tools arm embedded/4.9 2015q3/bin/../lib/gcc/arm-none-eabi/4.9.3/../../../../arm-none-eabi/lib/armv7e-m/fpu\libg_nano.a(lib_a-exit.o) (_global_impure_ptr)
c:/program files (x86)/gnu tools arm embedded/4.9 2015q3/bin/../lib/gcc/arm-none-eabi/4.9.3/../../../../arm-none-eabi/lib/armv7e-m/fpu\libg_nano.a(lib_a-init.o)
                              c:/program files (x86)/gnu tools arm embedded/4.9 2015q3/bin/../lib/gcc/arm-none-eabi/4.9.3/../../../../arm-none-eabi/lib/armv7e-m/fpu/rdimon-crt0.o (__libc_init_array)
c:/program files (x86)/gnu tools arm embedded/4.9 2015q3/bin/../lib/gcc/arm-none-eabi/4.9.3/../../../../arm-none-eabi/lib/armv7e-m/fpu\libg_nano.a(lib_a-memset.o)
                              c:/program files (x86)/gnu tools arm embedded/4.9 2015q3/bin/../lib/gcc/arm-none-eabi/4.9.3/../../../../arm-none-eabi/lib/armv7e-m/fpu/rdimon-crt0.o (memset)
c:/program files (x86)/gnu tools arm embedded/4.9 2015q3/bin/../lib/gcc/arm-none-eabi/4.9.3/../../../../arm-none-eabi/lib/armv7e-m/fpu\librdimon_nano.a(rdimon-syscalls.o)
                              c:/program files (x86)/gnu tools arm embedded/4.9 2015q3/bin/../lib/gcc/arm-none-eabi/4.9.3/../../../../arm-none-eabi/lib/armv7e-m/fpu/rdimon-crt0.o (initialise_monitor_handles)
c:/program files (x86)/gnu tools arm embedded/4.9 2015q3/bin/../lib/gcc/arm-none-eabi/4.9.3/../../../../arm-none-eabi/lib/armv7e-m/fpu\librdimon_nano.a(rdimon-_exit.o)
                              c:/program files (x86)/gnu tools arm embedded/4.9 2015q3/bin/../lib/gcc/arm-none-eabi/4.9.3/../../../../arm-none-eabi/lib/armv7e-m/fpu\libg_nano.a(lib_a-exit.o) (_exit)
c:/program files (x86)/gnu tools arm embedded/4.9 2015q3/bin/../lib/gcc/arm-none-eabi/4.9.3/../../../../arm-none-eabi/lib/armv7e-m/fpu\librdimon_nano.a(rdimon-_kill.o)
                              c:/program files (x86)/gnu tools arm embedded/4.9 2015q3/bin/../lib/gcc/arm-none-eabi/4.9.3/../../../../arm-none-eabi/lib/armv7e-m/fpu\librdimon_nano.a(rdimon-_exit.o) (_kill)
c:/program files (x86)/gnu tools arm embedded/4.9 2015q3/bin/../lib/gcc/arm-none-eabi/4.9.3/../../../../arm-none-eabi/lib/armv7e-m/fpu\libc_nano.a(lib_a-findfp.o)
                              c:/program files (x86)/gnu tools arm embedded/4.9 2015q3/bin/../lib/gcc/arm-none-eabi/4.9.3/../../../../arm-none-eabi/lib/armv7e-m/fpu\librdimon_nano.a(rdimon-syscalls.o) (__sinit)
c:/program files (x86)/gnu tools arm embedded/4.9 2015q3/bin/../lib/gcc/arm-none-eabi/4.9.3/../../../../arm-none-eabi/lib/armv7e-m/fpu\libc_nano.a(lib_a-fwalk.o)
[...]
Memory Configuration

Name             Origin             Length             Attributes
FLASH            0x00000000         0x00400000         xr
RAM              0x1ffe0000         0x000a0000         xrw
DATA_FLASH       0x40100000         0x00010000         xr
QSPI_FLASH       0x60000000         0x04000000         xr
SDRAM            0x90000000         0x02000000         xrw
ID_CODES         0x40120050         0x00000010         xr
*default*        0x00000000         0xffffffff

Linker script and memory map

LOAD c:/program files (x86)/gnu tools arm embedded/4.9 2015q3/bin/../lib/gcc/arm-none-eabi/4.9.3/armv7e-m/fpu/crti.o
LOAD c:/program files (x86)/gnu tools arm embedded/4.9 2015q3/bin/../lib/gcc/arm-none-eabi/4.9.3/armv7e-m/fpu/crtbegin.o
LOAD c:/program files (x86)/gnu tools arm embedded/4.9 2015q3/bin/../lib/gcc/arm-none-eabi/4.9.3/../../../../arm-none-eabi/lib/armv7e-m/fpu/rdimon-crt0.o
START GROUP
LOAD ./synergy/ssp/src/driver/r_sci_uart/r_sci_uart.o
LOAD ./synergy/ssp/src/driver/r_ioport/r_ioport.o
LOAD ./synergy/ssp/src/driver/r_icu/r_icu.o
LOAD ./synergy/ssp/src/driver/r_fmi/r_fmi.o
LOAD ./synergy/ssp/src/driver/r_elc/r_elc.o
LOAD ./synergy/ssp/src/driver/r_dtc/r_dtc.o
LOAD ./synergy/ssp/src/driver/r_cgc/hw/hw_cgc.o
LOAD ./synergy/ssp/src/driver/r_cgc/r_cgc.o
LOAD ./synergy/ssp/src/bsp/mcu/s7g2/bsp_cache.o
LOAD ./synergy/ssp/src/bsp/mcu/s7g2/bsp_clocks.o
LOAD ./synergy/ssp/src/bsp/mcu/s7g2/bsp_feature.o
LOAD ./synergy/ssp/src/bsp/mcu/s7g2/bsp_fmi_R7FS7G27H3A01CFC.o
LOAD ./synergy/ssp/src/bsp/mcu/s7g2/bsp_group_irq.o
LOAD ./synergy/ssp/src/bsp/mcu/s7g2/bsp_hw_locks.o
LOAD ./synergy/ssp/src/bsp/mcu/s7g2/bsp_module_stop.o
LOAD ./synergy/ssp/src/bsp/mcu/s7g2/bsp_rom_registers.o
LOAD ./synergy/ssp/src/bsp/mcu/all/bsp_common.o
LOAD ./synergy/ssp/src/bsp/mcu/all/bsp_common_leds.o
LOAD ./synergy/ssp/src/bsp/mcu/all/bsp_delay.o
LOAD ./synergy/ssp/src/bsp/mcu/all/bsp_irq.o
LOAD ./synergy/ssp/src/bsp/mcu/all/bsp_locking.o
LOAD ./synergy/ssp/src/bsp/mcu/all/bsp_register_protection.o
LOAD ./synergy/ssp/src/bsp/mcu/all/bsp_sbrk.o
LOAD ./synergy/ssp/src/bsp/cmsis/Device/RENESAS/S7G2/Source/startup_S7G2.o
LOAD ./synergy/ssp/src/bsp/cmsis/Device/RENESAS/S7G2/Source/system_S7G2.o
LOAD ./synergy/board/s7g2_sk/bsp_init.o
LOAD ./synergy/board/s7g2_sk/bsp_leds.o
LOAD ./synergy/board/s7g2_sk/bsp_qspi.o
LOAD ./src/synergy_gen/common_data.o
LOAD ./src/synergy_gen/hal_data.o
LOAD ./src/synergy_gen/main.o
LOAD ./src/synergy_gen/pin_data.o
LOAD ./src/hal_entry.o
LOAD C:\Users\SEI103\Documents\SuperTeam\ComunicacionUART\synergy\ssp\src\bsp\cmsis\DSP_Lib\cm4_gcc\libDSP_Lib.a
END GROUP
START GROUP
LOAD c:/program files (x86)/gnu tools arm embedded/4.9 2015q3/bin/../lib/gcc/arm-none-eabi/4.9.3/armv7e-m/fpu\libgcc.a
LOAD c:/program files (x86)/gnu tools arm embedded/4.9 2015q3/bin/../lib/gcc/arm-none-eabi/4.9.3/../../../../arm-none-eabi/lib/armv7e-m/fpu\libg_nano.a
LOAD c:/program files (x86)/gnu tools arm embedded/4.9 2015q3/bin/../lib/gcc/arm-none-eabi/4.9.3/../../../../arm-none-eabi/lib/armv7e-m/fpu\libc_nano.a
END GROUP
START GROUP
LOAD c:/program files (x86)/gnu tools arm embedded/4.9 2015q3/bin/../lib/gcc/arm-none-eabi/4.9.3/armv7e-m/fpu\libgcc.a
LOAD c:/program files (x86)/gnu tools arm embedded/4.9 2015q3/bin/../lib/gcc/arm-none-eabi/4.9.3/../../../../arm-none-eabi/lib/armv7e-m/fpu\libc_nano.a
LOAD c:/program files (x86)/gnu tools arm embedded/4.9 2015q3/bin/../lib/gcc/arm-none-eabi/4.9.3/../../../../arm-none-eabi/lib/armv7e-m/fpu\librdimon_nano.a
END GROUP
START GROUP
LOAD c:/program files (x86)/gnu tools arm embedded/4.9 2015q3/bin/../lib/gcc/arm-none-eabi/4.9.3/armv7e-m/fpu\libgcc.a
LOAD c:/program files (x86)/gnu tools arm embedded/4.9 2015q3/bin/../lib/gcc/arm-none-eabi/4.9.3/../../../../arm-none-eabi/lib/armv7e-m/fpu\libc_nano.a
LOAD c:/program files (x86)/gnu tools arm embedded/4.9 2015q3/bin/../lib/gcc/arm-none-eabi/4.9.3/../../../../arm-none-eabi/lib/armv7e-m/fpu\librdimon_nano.a
END GROUP
LOAD c:/program files (x86)/gnu tools arm embedded/4.9 2015q3/bin/../lib/gcc/arm-none-eabi/4.9.3/armv7e-m/fpu/crtend.o
LOAD c:/program files (x86)/gnu tools arm embedded/4.9 2015q3/bin/../lib/gcc/arm-none-eabi/4.9.3/armv7e-m/fpu/crtn.o
START GROUP
LOAD c:/program files (x86)/gnu tools arm embedded/4.9 2015q3/bin/../lib/gcc/arm-none-eabi/4.9.3/armv7e-m/fpu\libgcc.a
LOAD c:/program files (x86)/gnu tools arm embedded/4.9 2015q3/bin/../lib/gcc/arm-none-eabi/4.9.3/../../../../arm-none-eabi/lib/armv7e-m/fpu\libc.a
LOAD c:/program files (x86)/gnu tools arm embedded/4.9 2015q3/bin/../lib/gcc/arm-none-eabi/4.9.3/../../../../arm-none-eabi/lib/armv7e-m/fpu\libm.a
LOAD c:/program files (x86)/gnu tools arm embedded/4.9 2015q3/bin/../lib/gcc/arm-none-eabi/4.9.3/../../../../arm-none-eabi/lib/armv7e-m/fpu\libnosys.a
END GROUP

.text           0x00000000     0x5d9c
                0x00000000                __ROM_Start = .
 *(.vectors)
 .vectors       0x00000000       0x40 ./synergy/ssp/src/bsp/cmsis/Device/RENESAS/S7G2/Source/startup_S7G2.o
                0x00000000                __Vectors
 *(SORT(.vector.*))
 .vector.ICU_IRQ10
                0x00000040        0x4 ./src/synergy_gen/hal_data.o
                0x00000040                g_vector_ICU_IRQ10
 .vector.SCI_0_RXI
                0x00000044        0x4 ./src/synergy_gen/hal_data.o
                0x00000044                g_vector_SCI_0_RXI
 .vector.SCI_0_TEI
                0x00000048        0x4 ./src/synergy_gen/hal_data.o
                0x00000048                g_vector_SCI_0_TEI
 .vector.SCI_0_TXI
                0x0000004c        0x4 ./src/synergy_gen/hal_data.o
                0x0000004c                g_vector_SCI_0_TXI
                0x00000050                __Vectors_End = .
                0x00000050                __end__ = .
                0x00000400                . = (__ROM_Start + 0x400)
 *fill*         0x00000050      0x3b0 ff
 *(.rom_registers*)
 .rom_registers
                0x00000400       0x3c ./synergy/ssp/src/bsp/mcu/s7g2/bsp_rom_registers.o
                0x00000500                . = (__ROM_Start + 0x500)
 *fill*         0x0000043c       0xc4 ff
                0x00000500                __Vector_Info_Start = .
 *(SORT(.vector_info.*))
 .vector_info.ICU_IRQ10
                0x00000500        0x8 ./src/synergy_gen/hal_data.o
                0x00000500                g_vector_info_ICU_IRQ10
 .vector_info.SCI_0_RXI
                0x00000508        0x8 ./src/synergy_gen/hal_data.o
                0x00000508                g_vector_info_SCI_0_RXI
 .vector_info.SCI_0_TEI
                0x00000510        0x8 ./src/synergy_gen/hal_data.o
                0x00000510                g_vector_info_SCI_0_TEI
 .vector_info.SCI_0_TXI
                0x00000518        0x8 ./src/synergy_gen/hal_data.o
                0x00000518                g_vector_info_SCI_0_TXI
                0x00000520                __Vector_Info_End = .
                0x00000520                __Lock_Lookup_Start = .
 *(SORT(.hw_lock_lookup.*))
 .hw_lock_lookup.ADC_0U_0U
                0x00000520        0x4 ./synergy/ssp/src/bsp/mcu/s7g2/bsp_hw_locks.o
                0x00000520                g_lock_lookup_ADC_0U_0U
 .hw_lock_lookup.ADC_0U_1U
                0x00000524        0x4 ./synergy/ssp/src/bsp/mcu/s7g2/bsp_hw_locks.o
                0x00000524                g_lock_lookup_ADC_0U_1U
 .hw_lock_lookup.AGT_0U_0U
                0x00000528        0x4 ./synergy/ssp/src/bsp/mcu/s7g2/bsp_hw_locks.o
                0x00000528                g_lock_lookup_AGT_0U_0U
 .hw_lock_lookup.AGT_0U_1U
                0x0000052c        0x4 ./synergy/ssp/src/bsp/mcu/s7g2/bsp_hw_locks.o
                0x0000052c                g_lock_lookup_AGT_0U_1U
 .hw_lock_lookup.BSC_0U_1U
                0x00000530        0x4 ./synergy/ssp/src/bsp/mcu/s7g2/bsp_hw_locks.o
                0x00000530                g_lock_lookup_BSC_0U_1U
 .hw_lock_lookup.CAC_0U_0U
                0x00000534        0x4 ./synergy/ssp/src/bsp/mcu/s7g2/bsp_hw_locks.o
                0x00000534                g_lock_lookup_CAC_0U_0U
 .hw_lock_lookup.CAN_0U_0U
                0x00000538        0x4 ./synergy/ssp/src/bsp/mcu/s7g2/bsp_hw_locks.o
                0x00000538                g_lock_lookup_CAN_0U_0U
 .hw_lock_lookup.CAN_0U_1U
                0x0000053c        0x4 ./synergy/ssp/src/bsp/mcu/s7g2/bsp_hw_locks.o
                0x0000053c                g_lock_lookup_CAN_0U_1U
 .hw_lock_lookup.COMP_HS_0U_0U
                0x00000540        0x4 ./synergy/ssp/src/bsp/mcu/s7g2/bsp_hw_locks.o
                0x00000540                g_lock_lookup_COMP_HS_0U_0U
 .hw_lock_lookup.COMP_HS_0U_1U
                0x00000544        0x4 ./synergy/ssp/src/bsp/mcu/s7g2/bsp_hw_locks.o
                0x00000544                g_lock_lookup_COMP_HS_0U_1U
 .hw_lock_lookup.COMP_HS_0U_2U
                0x00000548        0x4 ./synergy/ssp/src/bsp/mcu/s7g2/bsp_hw_locks.o
                0x00000548                g_lock_lookup_COMP_HS_0U_2U
 .hw_lock_lookup.COMP_HS_0U_3U
                0x0000054c        0x4 ./synergy/ssp/src/bsp/mcu/s7g2/bsp_hw_locks.o
                0x0000054c                g_lock_lookup_COMP_HS_0U_3U
 .hw_lock_lookup.COMP_HS_0U_4U
                0x00000550        0x4 ./synergy/ssp/src/bsp/mcu/s7g2/bsp_hw_locks.o
                0x00000550                g_lock_lookup_COMP_HS_0U_4U
 .hw_lock_lookup.COMP_HS_0U_5U
                0x00000554        0x4 ./synergy/ssp/src/bsp/mcu/s7g2/bsp_hw_locks.o
                0x00000554                g_lock_lookup_COMP_HS_0U_5U
 .hw_lock_lookup.CRC_0U_0U
                0x00000558        0x4 ./synergy/ssp/src/bsp/mcu/s7g2/bsp_hw_locks.o
                0x00000558                g_lock_lookup_CRC_0U_0U
 .hw_lock_lookup.CTSU_0U_0U
                0x0000055c        0x4 ./synergy/ssp/src/bsp/mcu/s7g2/bsp_hw_locks.o
                0x0000055c                g_lock_lookup_CTSU_0U_0U
 .hw_lock_lookup.DAAD_0U_0U
                0x00000560        0x4 ./synergy/ssp/src/bsp/mcu/s7g2/bsp_hw_locks.o
                0x00000560                g_lock_lookup_DAAD_0U_0U
 .hw_lock_lookup.DAC_0U_0U
                0x00000564        0x4 ./synergy/ssp/src/bsp/mcu/s7g2/bsp_hw_locks.o
                0x00000564                g_lock_lookup_DAC_0U_0U
 .hw_lock_lookup.DAC_0U_1U
                0x00000568        0x4 ./synergy/ssp/src/bsp/mcu/s7g2/bsp_hw_locks.o
                0x00000568                g_lock_lookup_DAC_0U_1U
 .hw_lock_lookup.DMAC_0U_0U
                0x0000056c        0x4 ./synergy/ssp/src/bsp/mcu/s7g2/bsp_hw_locks.o
                0x0000056c                g_lock_lookup_DMAC_0U_0U
 .hw_lock_lookup.DMAC_0U_1U
                0x00000570        0x4 ./synergy/ssp/src/bsp/mcu/s7g2/bsp_hw_locks.o
                0x00000570                g_lock_lookup_DMAC_0U_1U
 .hw_lock_lookup.DMAC_0U_2U
                0x00000574        0x4 ./synergy/ssp/src/bsp/mcu/s7g2/bsp_hw_locks.o
                0x00000574                g_lock_lookup_DMAC_0U_2U
 .hw_lock_lookup.DMAC_0U_3U
                0x00000578        0x4 ./synergy/ssp/src/bsp/mcu/s7g2/bsp_hw_locks.o
                0x00000578                g_lock_lookup_DMAC_0U_3U
 .hw_lock_lookup.DMAC_0U_4U
                0x0000057c        0x4 ./synergy/ssp/src/bsp/mcu/s7g2/bsp_hw_locks.o
                0x0000057c                g_lock_lookup_DMAC_0U_4U
 .hw_lock_lookup.DMAC_0U_5U
                0x00000580        0x4 ./synergy/ssp/src/bsp/mcu/s7g2/bsp_hw_locks.o
                0x00000580                g_lock_lookup_DMAC_0U_5U
 .hw_lock_lookup.DMAC_0U_6U
                0x00000584        0x4 ./synergy/ssp/src/bsp/mcu/s7g2/bsp_hw_locks.o
                0x00000584                g_lock_lookup_DMAC_0U_6U
 .hw_lock_lookup.DMAC_0U_7U
                0x00000588        0x4 ./synergy/ssp/src/bsp/mcu/s7g2/bsp_hw_locks.o
                0x00000588                g_lock_lookup_DMAC_0U_7U
 .hw_lock_lookup.DOC_0U_0U
                0x0000058c        0x4 ./synergy/ssp/src/bsp/mcu/s7g2/bsp_hw_locks.o
                0x0000058c                g_lock_lookup_DOC_0U_0U
 .hw_lock_lookup.DRW_0U_0U
                0x00000590        0x4 ./synergy/ssp/src/bsp/mcu/s7g2/bsp_hw_locks.o
                0x00000590                g_lock_lookup_DRW_0U_0U
 .hw_lock_lookup.DTC_0U_0U
                0x00000594        0x4 ./synergy/ssp/src/bsp/mcu/s7g2/bsp_hw_locks.o
                0x00000594                g_lock_lookup_DTC_0U_0U
 .hw_lock_lookup.ELC_0U_0U
                0x00000598        0x4 ./synergy/ssp/src/bsp/mcu/s7g2/bsp_hw_locks.o
                0x00000598                g_lock_lookup_ELC_0U_0U
 .hw_lock_lookup.EPTPC_0U_0U
                0x0000059c        0x4 ./synergy/ssp/src/bsp/mcu/s7g2/bsp_hw_locks.o
                0x0000059c                g_lock_lookup_EPTPC_0U_0U
 .hw_lock_lookup.ETHER_0U_0U
                0x000005a0        0x4 ./synergy/ssp/src/bsp/mcu/s7g2/bsp_hw_locks.o
                0x000005a0                g_lock_lookup_ETHER_0U_0U
 .hw_lock_lookup.ETHER_0U_1U
                0x000005a4        0x4 ./synergy/ssp/src/bsp/mcu/s7g2/bsp_hw_locks.o
                0x000005a4                g_lock_lookup_ETHER_0U_1U
 .hw_lock_lookup.FCU_0U_0U
                0x000005a8        0x4 ./synergy/ssp/src/bsp/mcu/s7g2/bsp_hw_locks.o
                0x000005a8                g_lock_lookup_FCU_0U_0U
 .hw_lock_lookup.GLCDC_0U_0U
                0x000005ac        0x4 ./synergy/ssp/src/bsp/mcu/s7g2/bsp_hw_locks.o
                0x000005ac                g_lock_lookup_GLCDC_0U_0U
 .hw_lock_lookup.GPT_0U_0U
                0x000005b0        0x4 ./synergy/ssp/src/bsp/mcu/s7g2/bsp_hw_locks.o
                0x000005b0                g_lock_lookup_GPT_0U_0U
 .hw_lock_lookup.GPT_0U_10U
                0x000005b4        0x4 ./synergy/ssp/src/bsp/mcu/s7g2/bsp_hw_locks.o
                0x000005b4                g_lock_lookup_GPT_0U_10U
 .hw_lock_lookup.GPT_0U_11U
                0x000005b8        0x4 ./synergy/ssp/src/bsp/mcu/s7g2/bsp_hw_locks.o
                0x000005b8                g_lock_lookup_GPT_0U_11U
 .hw_lock_lookup.GPT_0U_12U
                0x000005bc        0x4 ./synergy/ssp/src/bsp/mcu/s7g2/bsp_hw_locks.o
                0x000005bc                g_lock_lookup_GPT_0U_12U
 .hw_lock_lookup.GPT_0U_13U
                0x000005c0        0x4 ./synergy/ssp/src/bsp/mcu/s7g2/bsp_hw_locks.o
                0x000005c0                g_lock_lookup_GPT_0U_13U
 .hw_lock_lookup.GPT_0U_1U
                0x000005c4        0x4 ./synergy/ssp/src/bsp/mcu/s7g2/bsp_hw_locks.o
                0x000005c4                g_lock_lookup_GPT_0U_1U
 .hw_lock_lookup.GPT_0U_2U
                0x000005c8        0x4 ./synergy/ssp/src/bsp/mcu/s7g2/bsp_hw_locks.o
                0x000005c8                g_lock_lookup_GPT_0U_2U
 .hw_lock_lookup.GPT_0U_3U
                0x000005cc        0x4 ./synergy/ssp/src/bsp/mcu/s7g2/bsp_hw_locks.o
                0x000005cc                g_lock_lookup_GPT_0U_3U
 .hw_lock_lookup.GPT_0U_4U
                0x000005d0        0x4 ./synergy/ssp/src/bsp/mcu/s7g2/bsp_hw_locks.o
                0x000005d0                g_lock_lookup_GPT_0U_4U
 .hw_lock_lookup.GPT_0U_5U
                0x000005d4        0x4 ./synergy/ssp/src/bsp/mcu/s7g2/bsp_hw_locks.o
                0x000005d4                g_lock_lookup_GPT_0U_5U
 .hw_lock_lookup.GPT_0U_6U
                0x000005d8        0x4 ./synergy/ssp/src/bsp/mcu/s7g2/bsp_hw_locks.o
                0x000005d8                g_lock_lookup_GPT_0U_6U
 .hw_lock_lookup.GPT_0U_7U
                0x000005dc        0x4 ./synergy/ssp/src/bsp/mcu/s7g2/bsp_hw_locks.o
                0x000005dc                g_lock_lookup_GPT_0U_7U
 .hw_lock_lookup.GPT_0U_8U
                0x000005e0        0x4 ./synergy/ssp/src/bsp/mcu/s7g2/bsp_hw_locks.o
                0x000005e0                g_lock_lookup_GPT_0U_8U
 .hw_lock_lookup.GPT_0U_9U
                0x000005e4        0x4 ./synergy/ssp/src/bsp/mcu/s7g2/bsp_hw_locks.o
                0x000005e4                g_lock_lookup_GPT_0U_9U
 .hw_lock_lookup.ICU_0U_0U
                0x000005e8        0x4 ./synergy/ssp/src/bsp/mcu/s7g2/bsp_hw_locks.o
                0x000005e8                g_lock_lookup_ICU_0U_0U
 .hw_lock_lookup.ICU_0U_10U
                0x000005ec        0x4 ./synergy/ssp/src/bsp/mcu/s7g2/bsp_hw_locks.o
                0x000005ec                g_lock_lookup_ICU_0U_10U
 .hw_lock_lookup.ICU_0U_11U
                0x000005f0        0x4 ./synergy/ssp/src/bsp/mcu/s7g2/bsp_hw_locks.o
                0x000005f0                g_lock_lookup_ICU_0U_11U
 .hw_lock_lookup.ICU_0U_12U
                0x000005f4        0x4 ./synergy/ssp/src/bsp/mcu/s7g2/bsp_hw_locks.o
                0x000005f4                g_lock_lookup_ICU_0U_12U
 .hw_lock_lookup.ICU_0U_13U
                0x000005f8        0x4 ./synergy/ssp/src/bsp/mcu/s7g2/bsp_hw_locks.o
                0x000005f8                g_lock_lookup_ICU_0U_13U
 .hw_lock_lookup.ICU_0U_14U
                0x000005fc        0x4 ./synergy/ssp/src/bsp/mcu/s7g2/bsp_hw_locks.o
                0x000005fc                g_lock_lookup_ICU_0U_14U
 .hw_lock_lookup.ICU_0U_15U
                0x00000600        0x4 ./synergy/ssp/src/bsp/mcu/s7g2/bsp_hw_locks.o
                0x00000600                g_lock_lookup_ICU_0U_15U
 .hw_lock_lookup.ICU_0U_1U
                0x00000604        0x4 ./synergy/ssp/src/bsp/mcu/s7g2/bsp_hw_locks.o
                0x00000604                g_lock_lookup_ICU_0U_1U
 .hw_lock_lookup.ICU_0U_2U
                0x00000608        0x4 ./synergy/ssp/src/bsp/mcu/s7g2/bsp_hw_locks.o
                0x00000608                g_lock_lookup_ICU_0U_2U
 .hw_lock_lookup.ICU_0U_3U
                0x0000060c        0x4 ./synergy/ssp/src/bsp/mcu/s7g2/bsp_hw_locks.o
                0x0000060c                g_lock_lookup_ICU_0U_3U
 .hw_lock_lookup.ICU_0U_4U
                0x00000610        0x4 ./synergy/ssp/src/bsp/mcu/s7g2/bsp_hw_locks.o
                0x00000610                g_lock_lookup_ICU_0U_4U
 .hw_lock_lookup.ICU_0U_5U
                0x00000614        0x4 ./synergy/ssp/src/bsp/mcu/s7g2/bsp_hw_locks.o
                0x00000614                g_lock_lookup_ICU_0U_5U
 .hw_lock_lookup.ICU_0U_6U
                0x00000618        0x4 ./synergy/ssp/src/bsp/mcu/s7g2/bsp_hw_locks.o
                0x00000618                g_lock_lookup_ICU_0U_6U
 .hw_lock_lookup.ICU_0U_7U
                0x0000061c        0x4 ./synergy/ssp/src/bsp/mcu/s7g2/bsp_hw_locks.o
                0x0000061c                g_lock_lookup_ICU_0U_7U
 .hw_lock_lookup.ICU_0U_8U
                0x00000620        0x4 ./synergy/ssp/src/bsp/mcu/s7g2/bsp_hw_locks.o
                0x00000620                g_lock_lookup_ICU_0U_8U
 .hw_lock_lookup.ICU_0U_9U
                0x00000624        0x4 ./synergy/ssp/src/bsp/mcu/s7g2/bsp_hw_locks.o
                0x00000624                g_lock_lookup_ICU_0U_9U
 .hw_lock_lookup.IIC_0U_0U
                0x00000628        0x4 ./synergy/ssp/src/bsp/mcu/s7g2/bsp_hw_locks.o
                0x00000628                g_lock_lookup_IIC_0U_0U
 .hw_lock_lookup.IIC_0U_1U
                0x0000062c        0x4 ./synergy/ssp/src/bsp/mcu/s7g2/bsp_hw_locks.o
                0x0000062c                g_lock_lookup_IIC_0U_1U
 .hw_lock_lookup.IIC_0U_2U
                0x00000630        0x4 ./synergy/ssp/src/bsp/mcu/s7g2/bsp_hw_locks.o
                0x00000630                g_lock_lookup_IIC_0U_2U
 .hw_lock_lookup.IRDA_0U_0U
                0x00000634        0x4 ./synergy/ssp/src/bsp/mcu/s7g2/bsp_hw_locks.o
                0x00000634                g_lock_lookup_IRDA_0U_0U
 .hw_lock_lookup.IWDT_0U_0U
                0x00000638        0x4 ./synergy/ssp/src/bsp/mcu/s7g2/bsp_hw_locks.o
                0x00000638                g_lock_lookup_IWDT_0U_0U
 .hw_lock_lookup.JPEG_0U_0U
                0x0000063c        0x4 ./synergy/ssp/src/bsp/mcu/s7g2/bsp_hw_locks.o
                0x0000063c                g_lock_lookup_JPEG_0U_0U
 .hw_lock_lookup.KEY_0U_0U
                0x00000640        0x4 ./synergy/ssp/src/bsp/mcu/s7g2/bsp_hw_locks.o
                0x00000640                g_lock_lookup_KEY_0U_0U
 .hw_lock_lookup.LPM_1U_0U
                0x00000644        0x4 ./synergy/ssp/src/bsp/mcu/s7g2/bsp_hw_locks.o
                0x00000644                g_lock_lookup_LPM_1U_0U
 .hw_lock_lookup.LVD_0U_0U
                0x00000648        0x4 ./synergy/ssp/src/bsp/mcu/s7g2/bsp_hw_locks.o
                0x00000648                g_lock_lookup_LVD_0U_0U
 .hw_lock_lookup.LVD_0U_1U
                0x0000064c        0x4 ./synergy/ssp/src/bsp/mcu/s7g2/bsp_hw_locks.o
                0x0000064c                g_lock_lookup_LVD_0U_1U
 .hw_lock_lookup.MMF_0U_0U
                0x00000650        0x4 ./synergy/ssp/src/bsp/mcu/s7g2/bsp_hw_locks.o
                0x00000650                g_lock_lookup_MMF_0U_0U
 .hw_lock_lookup.MPU_0U_0U
                0x00000654        0x4 ./synergy/ssp/src/bsp/mcu/s7g2/bsp_hw_locks.o
                0x00000654                g_lock_lookup_MPU_0U_0U
 .hw_lock_lookup.OPS_0U_0U
                0x00000658        0x4 ./synergy/ssp/src/bsp/mcu/s7g2/bsp_hw_locks.o
                0x00000658                g_lock_lookup_OPS_0U_0U
 .hw_lock_lookup.PDC_0U_0U
                0x0000065c        0x4 ./synergy/ssp/src/bsp/mcu/s7g2/bsp_hw_locks.o
                0x0000065c                g_lock_lookup_PDC_0U_0U
 .hw_lock_lookup.POEG_0U_0U
                0x00000660        0x4 ./synergy/ssp/src/bsp/mcu/s7g2/bsp_hw_locks.o
                0x00000660                g_lock_lookup_POEG_0U_0U
 .hw_lock_lookup.POEG_0U_1U
                0x00000664        0x4 ./synergy/ssp/src/bsp/mcu/s7g2/bsp_hw_locks.o
                0x00000664                g_lock_lookup_POEG_0U_1U
 .hw_lock_lookup.POEG_0U_2U
                0x00000668        0x4 ./synergy/ssp/src/bsp/mcu/s7g2/bsp_hw_locks.o
                0x00000668                g_lock_lookup_POEG_0U_2U
 .hw_lock_lookup.POEG_0U_3U
                0x0000066c        0x4 ./synergy/ssp/src/bsp/mcu/s7g2/bsp_hw_locks.o
                0x0000066c                g_lock_lookup_POEG_0U_3U
 .hw_lock_lookup.QSPI_0U_0U
                0x00000670        0x4 ./synergy/ssp/src/bsp/mcu/s7g2/bsp_hw_locks.o
                0x00000670                g_lock_lookup_QSPI_0U_0U
 .hw_lock_lookup.RTC_0U_0U
                0x00000674        0x4 ./synergy/ssp/src/bsp/mcu/s7g2/bsp_hw_locks.o
                0x00000674                g_lock_lookup_RTC_0U_0U
 .hw_lock_lookup.SCE_0U_0U
                0x00000678        0x4 ./synergy/ssp/src/bsp/mcu/s7g2/bsp_hw_locks.o
                0x00000678                g_lock_lookup_SCE_0U_0U
 .hw_lock_lookup.SCI_0U_0U
                0x0000067c        0x4 ./synergy/ssp/src/bsp/mcu/s7g2/bsp_hw_locks.o
                0x0000067c                g_lock_lookup_SCI_0U_0U
 .hw_lock_lookup.SCI_0U_1U
                0x00000680        0x4 ./synergy/ssp/src/bsp/mcu/s7g2/bsp_hw_locks.o
                0x00000680                g_lock_lookup_SCI_0U_1U
 .hw_lock_lookup.SCI_0U_2U
                0x00000684        0x4 ./synergy/ssp/src/bsp/mcu/s7g2/bsp_hw_locks.o
                0x00000684                g_lock_lookup_SCI_0U_2U
 .hw_lock_lookup.SCI_0U_3U
                0x00000688        0x4 ./synergy/ssp/src/bsp/mcu/s7g2/bsp_hw_locks.o
                0x00000688                g_lock_lookup_SCI_0U_3U
 .hw_lock_lookup.SCI_0U_4U
                0x0000068c        0x4 ./synergy/ssp/src/bsp/mcu/s7g2/bsp_hw_locks.o
                0x0000068c                g_lock_lookup_SCI_0U_4U
 .hw_lock_lookup.SCI_0U_5U
                0x00000690        0x4 ./synergy/ssp/src/bsp/mcu/s7g2/bsp_hw_locks.o
                0x00000690                g_lock_lookup_SCI_0U_5U
 .hw_lock_lookup.SCI_0U_6U
                0x00000694        0x4 ./synergy/ssp/src/bsp/mcu/s7g2/bsp_hw_locks.o
                0x00000694                g_lock_lookup_SCI_0U_6U
 .hw_lock_lookup.SCI_0U_7U
                0x00000698        0x4 ./synergy/ssp/src/bsp/mcu/s7g2/bsp_hw_locks.o
                0x00000698                g_lock_lookup_SCI_0U_7U
 .hw_lock_lookup.SCI_0U_8U
                0x0000069c        0x4 ./synergy/ssp/src/bsp/mcu/s7g2/bsp_hw_locks.o
                0x0000069c                g_lock_lookup_SCI_0U_8U
 .hw_lock_lookup.SCI_0U_9U
                0x000006a0        0x4 ./synergy/ssp/src/bsp/mcu/s7g2/bsp_hw_locks.o
                0x000006a0                g_lock_lookup_SCI_0U_9U
 .hw_lock_lookup.SDHIMMC_0U_0U
                0x000006a4        0x4 ./synergy/ssp/src/bsp/mcu/s7g2/bsp_hw_locks.o
                0x000006a4                g_lock_lookup_SDHIMMC_0U_0U
 .hw_lock_lookup.SDHIMMC_0U_1U
                0x000006a8        0x4 ./synergy/ssp/src/bsp/mcu/s7g2/bsp_hw_locks.o
                0x000006a8                g_lock_lookup_SDHIMMC_0U_1U
 .hw_lock_lookup.SPI_0U_0U
                0x000006ac        0x4 ./synergy/ssp/src/bsp/mcu/s7g2/bsp_hw_locks.o
                0x000006ac                g_lock_lookup_SPI_0U_0U
 .hw_lock_lookup.SPI_0U_1U
                0x000006b0        0x4 ./synergy/ssp/src/bsp/mcu/s7g2/bsp_hw_locks.o
                0x000006b0                g_lock_lookup_SPI_0U_1U
 .hw_lock_lookup.SRC_0U_0U
                0x000006b4        0x4 ./synergy/ssp/src/bsp/mcu/s7g2/bsp_hw_locks.o
                0x000006b4                g_lock_lookup_SRC_0U_0U
 .hw_lock_lookup.SSI_0U_0U
                0x000006b8        0x4 ./synergy/ssp/src/bsp/mcu/s7g2/bsp_hw_locks.o
                0x000006b8                g_lock_lookup_SSI_0U_0U
 .hw_lock_lookup.SSI_0U_1U
                0x000006bc        0x4 ./synergy/ssp/src/bsp/mcu/s7g2/bsp_hw_locks.o
                0x000006bc                g_lock_lookup_SSI_0U_1U
 .hw_lock_lookup.TSN_0U_0U
                0x000006c0        0x4 ./synergy/ssp/src/bsp/mcu/s7g2/bsp_hw_locks.o
                0x000006c0                g_lock_lookup_TSN_0U_0U
 .hw_lock_lookup.USB_0U_0U
                0x000006c4        0x4 ./synergy/ssp/src/bsp/mcu/s7g2/bsp_hw_locks.o
                0x000006c4                g_lock_lookup_USB_0U_0U
 .hw_lock_lookup.USB_1U_0U
                0x000006c8        0x4 ./synergy/ssp/src/bsp/mcu/s7g2/bsp_hw_locks.o
                0x000006c8                g_lock_lookup_USB_1U_0U
 .hw_lock_lookup.WDT_0U_0U
                0x000006cc        0x4 ./synergy/ssp/src/bsp/mcu/s7g2/bsp_hw_locks.o
                0x000006cc                g_lock_lookup_WDT_0U_0U
                0x000006d0                __Lock_Lookup_End = .
 *(.text*)
 .text          0x000006d0       0x5c c:/program files (x86)/gnu tools arm embedded/4.9 2015q3/bin/../lib/gcc/arm-none-eabi/4.9.3/armv7e-m/fpu/crtbegin.o
 .text.R_SCI_UartVersionGet
                0x0000072c       0x18 ./synergy/ssp/src/driver/r_sci_uart/r_sci_uart.o
                0x0000072c                R_SCI_UartVersionGet
 .text.r_sci_irq_cfg
                0x00000744       0x98 ./synergy/ssp/src/driver/r_sci_uart/r_sci_uart.o
 .text.R_SCI_UartInfoGet
                0x000007dc       0x80 ./synergy/ssp/src/driver/r_sci_uart/r_sci_uart.o
                0x000007dc                R_SCI_UartInfoGet
 .text.r_sci_read_write_param_check
                0x0000085c       0x3c ./synergy/ssp/src/driver/r_sci_uart/r_sci_uart.o
 .text.R_SCI_UartRead
                0x00000898       0x60 ./synergy/ssp/src/driver/r_sci_uart/r_sci_uart.o
                0x00000898                R_SCI_UartRead
 .text.r_sci_uart_transfer_configure.isra.3
                0x000008f8       0x88 ./synergy/ssp/src/driver/r_sci_uart/r_sci_uart.o
 .text.r_sci_uart_transfer_close.isra.6
                0x00000980       0x24 ./synergy/ssp/src/driver/r_sci_uart/r_sci_uart.o
 .text.r_sci_uart_baud_calculate.part.8
                0x000009a4      0x110 ./synergy/ssp/src/driver/r_sci_uart/r_sci_uart.o
 .text.R_SCI_UartOpen
                0x00000ab4      0x528 ./synergy/ssp/src/driver/r_sci_uart/r_sci_uart.o
                0x00000ab4                R_SCI_UartOpen
 .text.R_SCI_UartAbort
                0x00000fdc      0x124 ./synergy/ssp/src/driver/r_sci_uart/r_sci_uart.o
                0x00000fdc                R_SCI_UartAbort
 .text.R_SCI_UartClose
                0x00001100      0x104 ./synergy/ssp/src/driver/r_sci_uart/r_sci_uart.o
                0x00001100                R_SCI_UartClose
 .text.r_sci_uart_write_no_transfer.part.14
                0x00001204       0x58 ./synergy/ssp/src/driver/r_sci_uart/r_sci_uart.o
 .text.R_SCI_UartWrite
                0x0000125c       0xcc ./synergy/ssp/src/driver/r_sci_uart/r_sci_uart.o
                0x0000125c                R_SCI_UartWrite
 .text.R_SCI_UartBaudSet
                0x00001328       0xe8 ./synergy/ssp/src/driver/r_sci_uart/r_sci_uart.o
                0x00001328                R_SCI_UartBaudSet
 .text.r_sci_uart_rxi_read_no_transfer
                0x00001410       0x6c ./synergy/ssp/src/driver/r_sci_uart/r_sci_uart.o
                0x00001410                r_sci_uart_rxi_read_no_transfer
 .text.sci_uart_txi_isr
                0x0000147c      0x10c ./synergy/ssp/src/driver/r_sci_uart/r_sci_uart.o
                0x0000147c                sci_uart_txi_isr
 .text.sci_uart_rxi_isr
                0x00001588       0x58 ./synergy/ssp/src/driver/r_sci_uart/r_sci_uart.o
                0x00001588                sci_uart_rxi_isr
 .text.sci_uart_tei_isr
                0x000015e0       0x78 ./synergy/ssp/src/driver/r_sci_uart/r_sci_uart.o
                0x000015e0                sci_uart_tei_isr
 .text.R_IOPORT_PinRead
                0x00001658       0x48 ./synergy/ssp/src/driver/r_ioport/r_ioport.o
                0x00001658                R_IOPORT_PinRead
 .text.R_IOPORT_PortRead
                0x000016a0       0x28 ./synergy/ssp/src/driver/r_ioport/r_ioport.o
                0x000016a0                R_IOPORT_PortRead
 .text.R_IOPORT_PortEventInputRead
                0x000016c8       0x28 ./synergy/ssp/src/driver/r_ioport/r_ioport.o
                0x000016c8                R_IOPORT_PortEventInputRead
 .text.R_IOPORT_PinEventInputRead
                0x000016f0       0x58 ./synergy/ssp/src/driver/r_ioport/r_ioport.o
                0x000016f0                R_IOPORT_PinEventInputRead
 .text.R_IOPORT_PortEventOutputWrite
                0x00001748       0x38 ./synergy/ssp/src/driver/r_ioport/r_ioport.o
                0x00001748                R_IOPORT_PortEventOutputWrite
 .text.R_IOPORT_PinEventOutputWrite
                0x00001780       0x54 ./synergy/ssp/src/driver/r_ioport/r_ioport.o
                0x00001780                R_IOPORT_PinEventOutputWrite
 .text.R_IOPORT_VersionGet
                0x000017d4       0x18 ./synergy/ssp/src/driver/r_ioport/r_ioport.o
                0x000017d4                R_IOPORT_VersionGet
 .text.R_IOPORT_PinDirectionSet
                0x000017ec       0xcc ./synergy/ssp/src/driver/r_ioport/r_ioport.o
                0x000017ec                R_IOPORT_PinDirectionSet
 .text.R_IOPORT_PortWrite
                0x000018b8       0x38 ./synergy/ssp/src/driver/r_ioport/r_ioport.o
                0x000018b8                R_IOPORT_PortWrite
 .text.R_IOPORT_PortDirectionSet
                0x000018f0       0x40 ./synergy/ssp/src/driver/r_ioport/r_ioport.o
                0x000018f0                R_IOPORT_PortDirectionSet
 .text.bsp_vbatt_init.isra.4
                0x00001930       0x8c ./synergy/ssp/src/driver/r_ioport/r_ioport.o
 .text.R_IOPORT_EthernetModeCfg
                0x000019bc       0x58 ./synergy/ssp/src/driver/r_ioport/r_ioport.o
                0x000019bc                R_IOPORT_EthernetModeCfg
 .text.R_IOPORT_PinsCfg
                0x00001a14       0xe0 ./synergy/ssp/src/driver/r_ioport/r_ioport.o
                0x00001a14                R_IOPORT_PinsCfg
 .text.R_IOPORT_Init
                0x00001af4       0x78 ./synergy/ssp/src/driver/r_ioport/r_ioport.o
                0x00001af4                R_IOPORT_Init
 .text.R_IOPORT_PinCfg
                0x00001b6c       0xd0 ./synergy/ssp/src/driver/r_ioport/r_ioport.o
                0x00001b6c                R_IOPORT_PinCfg
 .text.R_IOPORT_PinWrite
                0x00001c3c       0xcc ./synergy/ssp/src/driver/r_ioport/r_ioport.o
                0x00001c3c                R_IOPORT_PinWrite
 .text.R_ICU_ExternalIrqTriggerSet
                0x00001d08       0x34 ./synergy/ssp/src/driver/r_icu/r_icu.o
                0x00001d08                R_ICU_ExternalIrqTriggerSet
 .text.R_ICU_ExternalIrqFilterEnable
                0x00001d3c       0x28 ./synergy/ssp/src/driver/r_icu/r_icu.o
                0x00001d3c                R_ICU_ExternalIrqFilterEnable
 .text.R_ICU_ExternalIrqFilterDisable
                0x00001d64       0x28 ./synergy/ssp/src/driver/r_icu/r_icu.o
                0x00001d64                R_ICU_ExternalIrqFilterDisable
 .text.R_ICU_ExternalIrqVersionGet
                0x00001d8c       0x14 ./synergy/ssp/src/driver/r_icu/r_icu.o
                0x00001d8c                R_ICU_ExternalIrqVersionGet
 .text.R_ICU_ExternalIrqEnable
                0x00001da0       0x48 ./synergy/ssp/src/driver/r_icu/r_icu.o
                0x00001da0                R_ICU_ExternalIrqEnable
 .text.R_ICU_ExternalIrqDisable
                0x00001de8       0x50 ./synergy/ssp/src/driver/r_icu/r_icu.o
                0x00001de8                R_ICU_ExternalIrqDisable
 .text.R_ICU_ExternalIrqClose
                0x00001e38       0x80 ./synergy/ssp/src/driver/r_icu/r_icu.o
                0x00001e38                R_ICU_ExternalIrqClose
 .text.icu_irq_isr
                0x00001eb8       0x40 ./synergy/ssp/src/driver/r_icu/r_icu.o
                0x00001eb8                icu_irq_isr
 .text.r_icu_externalIRQ_initialize_interrupt
                0x00001ef8       0xa0 ./synergy/ssp/src/driver/r_icu/r_icu.o
                0x00001ef8                r_icu_externalIRQ_initialize_interrupt
 .text.R_ICU_ExternalIrqOpen
                0x00001f98       0xd0 ./synergy/ssp/src/driver/r_icu/r_icu.o
                0x00001f98                R_ICU_ExternalIrqOpen
 .text.R_FMI_ProductInfoGet
                0x00002068       0x28 ./synergy/ssp/src/driver/r_fmi/r_fmi.o
 .text.R_FMI_UniqueIdGet
                0x00002090       0x30 ./synergy/ssp/src/driver/r_fmi/r_fmi.o
 .text.R_FMI_EventInfoGet
                0x000020c0       0x6c ./synergy/ssp/src/driver/r_fmi/r_fmi.o
 .text.R_FMI_VersionGet
                0x0000212c       0x14 ./synergy/ssp/src/driver/r_fmi/r_fmi.o
 .text.R_FMI_Init
                0x00002140       0xbc ./synergy/ssp/src/driver/r_fmi/r_fmi.o
 .text.R_FMI_FeatureGet
                0x000021fc      0x244 ./synergy/ssp/src/driver/r_fmi/r_fmi.o
 .text.R_ELC_LinkSet
                0x00002440       0x14 ./synergy/ssp/src/driver/r_elc/r_elc.o
                0x00002440                R_ELC_LinkSet
 .text.R_ELC_LinkBreak
                0x00002454       0x14 ./synergy/ssp/src/driver/r_elc/r_elc.o
                0x00002454                R_ELC_LinkBreak
 .text.R_ELC_Enable
                0x00002468       0x14 ./synergy/ssp/src/driver/r_elc/r_elc.o
                0x00002468                R_ELC_Enable
 .text.R_ELC_Disable
                0x0000247c       0x14 ./synergy/ssp/src/driver/r_elc/r_elc.o
                0x0000247c                R_ELC_Disable
 .text.R_ELC_VersionGet
                0x00002490       0x14 ./synergy/ssp/src/driver/r_elc/r_elc.o
                0x00002490                R_ELC_VersionGet
 .text.R_ELC_SoftwareEventGenerate
                0x000024a4       0x30 ./synergy/ssp/src/driver/r_elc/r_elc.o
                0x000024a4                R_ELC_SoftwareEventGenerate
 .text.R_ELC_Init
                0x000024d4       0x80 ./synergy/ssp/src/driver/r_elc/r_elc.o
                0x000024d4                R_ELC_Init
 .text.R_DTC_Start
                0x00002554        0x4 ./synergy/ssp/src/driver/r_dtc/r_dtc.o
                0x00002554                R_DTC_Start
 .text.R_DTC_Stop
                0x00002558        0x4 ./synergy/ssp/src/driver/r_dtc/r_dtc.o
                0x00002558                R_DTC_Stop
 .text.R_DTC_Disable
                0x0000255c       0x34 ./synergy/ssp/src/driver/r_dtc/r_dtc.o
                0x0000255c                R_DTC_Disable
 .text.R_DTC_VersionGet
                0x00002590       0x14 ./synergy/ssp/src/driver/r_dtc/r_dtc.o
                0x00002590                R_DTC_VersionGet
 .text.R_DTC_InfoGet
                0x000025a4       0x78 ./synergy/ssp/src/driver/r_dtc/r_dtc.o
                0x000025a4                R_DTC_InfoGet
 .text.R_DTC_Close
                0x0000261c       0x58 ./synergy/ssp/src/driver/r_dtc/r_dtc.o
                0x0000261c                R_DTC_Close
 .text.R_DTC_Enable
                0x00002674       0x84 ./synergy/ssp/src/driver/r_dtc/r_dtc.o
                0x00002674                R_DTC_Enable
 .text.R_DTC_BlockReset
                0x000026f8       0xd0 ./synergy/ssp/src/driver/r_dtc/r_dtc.o
                0x000026f8                R_DTC_BlockReset
 .text.R_DTC_Open
                0x000027c8      0x180 ./synergy/ssp/src/driver/r_dtc/r_dtc.o
                0x000027c8                R_DTC_Open
 .text.R_DTC_Reset
                0x00002948       0xcc ./synergy/ssp/src/driver/r_dtc/r_dtc.o
                0x00002948                R_DTC_Reset
 .text.HW_CGC_Init
                0x00002a14       0x34 ./synergy/ssp/src/driver/r_cgc/hw/hw_cgc.o
                0x00002a14                HW_CGC_Init
 .text.HW_CGC_InitPLLFreq
                0x00002a48       0xf4 ./synergy/ssp/src/driver/r_cgc/hw/hw_cgc.o
                0x00002a48                HW_CGC_InitPLLFreq
 .text.HW_CGC_MainClockDriveSet
                0x00002b3c       0x3c ./synergy/ssp/src/driver/r_cgc/hw/hw_cgc.o
                0x00002b3c                HW_CGC_MainClockDriveSet
 .text.HW_CGC_SubClockDriveSet
                0x00002b78       0x3c ./synergy/ssp/src/driver/r_cgc/hw/hw_cgc.o
                0x00002b78                HW_CGC_SubClockDriveSet
 .text.HW_CGC_ClockStart
                0x00002bb4       0xa0 ./synergy/ssp/src/driver/r_cgc/hw/hw_cgc.o
                0x00002bb4                HW_CGC_ClockStart
 .text.HW_CGC_ClockStop
                0x00002c54       0xa0 ./synergy/ssp/src/driver/r_cgc/hw/hw_cgc.o
                0x00002c54                HW_CGC_ClockStop
 .text.HW_CGC_ClockCheck
                0x00002cf4       0x2c ./synergy/ssp/src/driver/r_cgc/hw/hw_cgc.o
                0x00002cf4                HW_CGC_ClockCheck
 .text.HW_CGC_ClockRunStateGet
                0x00002d20       0x68 ./synergy/ssp/src/driver/r_cgc/hw/hw_cgc.o
                0x00002d20                HW_CGC_ClockRunStateGet
 .text.HW_CGC_DelayCycles
                0x00002d88        0x8 ./synergy/ssp/src/driver/r_cgc/hw/hw_cgc.o
                0x00002d88                HW_CGC_DelayCycles
 .text.HW_CGC_MainOscSourceSet
                0x00002d90       0x2c ./synergy/ssp/src/driver/r_cgc/hw/hw_cgc.o
                0x00002d90                HW_CGC_MainOscSourceSet
 .text.HW_CGC_ClockWaitSet
                0x00002dbc       0x28 ./synergy/ssp/src/driver/r_cgc/hw/hw_cgc.o
                0x00002dbc                HW_CGC_ClockWaitSet
 .text.HW_CGC_ClockSourceValidCheck
                0x00002de4       0x28 ./synergy/ssp/src/driver/r_cgc/hw/hw_cgc.o
                0x00002de4                HW_CGC_ClockSourceValidCheck
 .text.HW_CGC_SystemClockValidCheck
                0x00002e0c        0xc ./synergy/ssp/src/driver/r_cgc/hw/hw_cgc.o
                0x00002e0c                HW_CGC_SystemClockValidCheck
 .text.HW_CGC_ClockSourceGet
                0x00002e18        0xc ./synergy/ssp/src/driver/r_cgc/hw/hw_cgc.o
                0x00002e18                HW_CGC_ClockSourceGet
 .text.HW_CGC_ClockSourceSet
                0x00002e24       0x28 ./synergy/ssp/src/driver/r_cgc/hw/hw_cgc.o
                0x00002e24                HW_CGC_ClockSourceSet
 .text.HW_CGC_PLLClockSourceGet
                0x00002e4c       0x24 ./synergy/ssp/src/driver/r_cgc/hw/hw_cgc.o
                0x00002e4c                HW_CGC_PLLClockSourceGet
 .text.HW_CGC_PLLClockSourceSet
                0x00002e70       0x28 ./synergy/ssp/src/driver/r_cgc/hw/hw_cgc.o
                0x00002e70                HW_CGC_PLLClockSourceSet
 .text.HW_CGC_PLLMultiplierSet
                0x00002e98       0x90 ./synergy/ssp/src/driver/r_cgc/hw/hw_cgc.o
                0x00002e98                HW_CGC_PLLMultiplierSet
 .text.HW_CGC_PLLDividerSet
                0x00002f28       0x88 ./synergy/ssp/src/driver/r_cgc/hw/hw_cgc.o
                0x00002f28                HW_CGC_PLLDividerSet
 .text.HW_CGC_SystemDividersSet
                0x00002fb0       0x70 ./synergy/ssp/src/driver/r_cgc/hw/hw_cgc.o
                0x00002fb0                HW_CGC_SystemDividersSet
 .text.HW_CGC_SystemDividersGet
                0x00003020       0x3c ./synergy/ssp/src/driver/r_cgc/hw/hw_cgc.o
                0x00003020                HW_CGC_SystemDividersGet
 .text.HW_CGC_ClockCfgValidCheck
                0x0000305c       0x58 ./synergy/ssp/src/driver/r_cgc/hw/hw_cgc.o
                0x0000305c                HW_CGC_ClockCfgValidCheck
 .text.HW_CGC_ClockDividerGet
                0x000030b4       0x4c ./synergy/ssp/src/driver/r_cgc/hw/hw_cgc.o
                0x000030b4                HW_CGC_ClockDividerGet
 .text.HW_CGC_ClockHzGet
                0x00003100       0x20 ./synergy/ssp/src/driver/r_cgc/hw/hw_cgc.o
                0x00003100                HW_CGC_ClockHzGet
 .text.HW_CGC_ClockHzCalculate
                0x00003120       0x10 ./synergy/ssp/src/driver/r_cgc/hw/hw_cgc.o
                0x00003120                HW_CGC_ClockHzCalculate
 .text.HW_CGC_OperatingModeSet
                0x00003130       0xb0 ./synergy/ssp/src/driver/r_cgc/hw/hw_cgc.o
                0x00003130                HW_CGC_OperatingModeSet
 .text.HW_CGC_OperatingModeGet
                0x000031e0       0x14 ./synergy/ssp/src/driver/r_cgc/hw/hw_cgc.o
                0x000031e0                HW_CGC_OperatingModeGet
 .text.HW_CGC_OscStopDetectEnable
                0x000031f4       0x2c ./synergy/ssp/src/driver/r_cgc/hw/hw_cgc.o
                0x000031f4                HW_CGC_OscStopDetectEnable
 .text.HW_CGC_OscStopDetectDisable
                0x00003220       0x2c ./synergy/ssp/src/driver/r_cgc/hw/hw_cgc.o
                0x00003220                HW_CGC_OscStopDetectDisable
 .text.HW_CGC_OscStopDetectEnabledGet
                0x0000324c        0x8 ./synergy/ssp/src/driver/r_cgc/hw/hw_cgc.o
                0x0000324c                HW_CGC_OscStopDetectEnabledGet
 .text.HW_CGC_OscStopDetectGet
                0x00003254        0xc ./synergy/ssp/src/driver/r_cgc/hw/hw_cgc.o
                0x00003254                HW_CGC_OscStopDetectGet
 .text.HW_CGC_OscStopStatusClear
                0x00003260       0x30 ./synergy/ssp/src/driver/r_cgc/hw/hw_cgc.o
                0x00003260                HW_CGC_OscStopStatusClear
 .text.HW_CGC_BusClockOutCfg
                0x00003290       0x28 ./synergy/ssp/src/driver/r_cgc/hw/hw_cgc.o
                0x00003290                HW_CGC_BusClockOutCfg
 .text.HW_CGC_BusClockOutEnable
                0x000032b8       0x20 ./synergy/ssp/src/driver/r_cgc/hw/hw_cgc.o
                0x000032b8                HW_CGC_BusClockOutEnable
 .text.HW_CGC_BusClockOutDisable
                0x000032d8       0x20 ./synergy/ssp/src/driver/r_cgc/hw/hw_cgc.o
                0x000032d8                HW_CGC_BusClockOutDisable
 .text.HW_CGC_ClockOutCfg
                0x000032f8       0x4c ./synergy/ssp/src/driver/r_cgc/hw/hw_cgc.o
                0x000032f8                HW_CGC_ClockOutCfg
 .text.HW_CGC_ClockOutEnable
                0x00003344       0x20 ./synergy/ssp/src/driver/r_cgc/hw/hw_cgc.o
                0x00003344                HW_CGC_ClockOutEnable
 .text.HW_CGC_ClockOutDisable
                0x00003364       0x20 ./synergy/ssp/src/driver/r_cgc/hw/hw_cgc.o
                0x00003364                HW_CGC_ClockOutDisable
 .text.HW_CGC_SDRAMClockOutEnable
                0x00003384       0x20 ./synergy/ssp/src/driver/r_cgc/hw/hw_cgc.o
                0x00003384                HW_CGC_SDRAMClockOutEnable
 .text.HW_CGC_SDRAMClockOutDisable
                0x000033a4       0x20 ./synergy/ssp/src/driver/r_cgc/hw/hw_cgc.o
                0x000033a4                HW_CGC_SDRAMClockOutDisable
 .text.HW_CGC_USBClockCfg
                0x000033c4       0x2c ./synergy/ssp/src/driver/r_cgc/hw/hw_cgc.o
                0x000033c4                HW_CGC_USBClockCfg
 .text.HW_CGC_SystickUpdate
                0x000033f0       0x48 ./synergy/ssp/src/driver/r_cgc/hw/hw_cgc.o
                0x000033f0                HW_CGC_SystickUpdate
 .text.HW_CGC_LCDClockCfg
                0x00003438       0x14 ./synergy/ssp/src/driver/r_cgc/hw/hw_cgc.o
                0x00003438                HW_CGC_LCDClockCfg
 .text.HW_CGC_LCDClockCfgGet
                0x0000344c        0xc ./synergy/ssp/src/driver/r_cgc/hw/hw_cgc.o
                0x0000344c                HW_CGC_LCDClockCfgGet
 .text.HW_CGC_LCDClockEnable
                0x00003458       0x10 ./synergy/ssp/src/driver/r_cgc/hw/hw_cgc.o
                0x00003458                HW_CGC_LCDClockEnable
 .text.HW_CGC_LCDClockDisable
                0x00003468       0x10 ./synergy/ssp/src/driver/r_cgc/hw/hw_cgc.o
                0x00003468                HW_CGC_LCDClockDisable
 .text.HW_CGC_LCDClockIsEnabled
                0x00003478        0x8 ./synergy/ssp/src/driver/r_cgc/hw/hw_cgc.o
                0x00003478                HW_CGC_LCDClockIsEnabled
 .text.HW_CGC_SDADCClockCfg
                0x00003480       0x1c ./synergy/ssp/src/driver/r_cgc/hw/hw_cgc.o
                0x00003480                HW_CGC_SDADCClockCfg
 .text.HW_CGC_SDADCClockEnable
                0x0000349c       0x10 ./synergy/ssp/src/driver/r_cgc/hw/hw_cgc.o
                0x0000349c                HW_CGC_SDADCClockEnable
 .text.HW_CGC_SDADCClockDisable
                0x000034ac       0x10 ./synergy/ssp/src/driver/r_cgc/hw/hw_cgc.o
                0x000034ac                HW_CGC_SDADCClockDisable
 .text.HW_CGC_SDADCClockIsEnabled
                0x000034bc        0x8 ./synergy/ssp/src/driver/r_cgc/hw/hw_cgc.o
                0x000034bc                HW_CGC_SDADCClockIsEnabled
 .text.HW_CGC_HocoWaitControlSet
                0x000034c4       0x28 ./synergy/ssp/src/driver/r_cgc/hw/hw_cgc.o
                0x000034c4                HW_CGC_HocoWaitControlSet
 .text.R_CGC_VersionGet
                0x000034ec       0x14 ./synergy/ssp/src/driver/r_cgc/r_cgc.o
                0x000034ec                R_CGC_VersionGet
 .text.R_CGC_Init
                0x00003500       0xb4 ./synergy/ssp/src/driver/r_cgc/r_cgc.o
                0x00003500                R_CGC_Init
 .text.R_CGC_SystemClockGet
                0x000035b4       0x28 ./synergy/ssp/src/driver/r_cgc/r_cgc.o
                0x000035b4                R_CGC_SystemClockGet
 .text.R_CGC_OscStopDetect
                0x000035dc       0xe4 ./synergy/ssp/src/driver/r_cgc/r_cgc.o
                0x000035dc                R_CGC_OscStopDetect
 .text.R_CGC_OscStopStatusClear
                0x000036c0       0x50 ./synergy/ssp/src/driver/r_cgc/r_cgc.o
                0x000036c0                R_CGC_OscStopStatusClear
 .text.R_CGC_BusClockOutCfg
                0x00003710       0x14 ./synergy/ssp/src/driver/r_cgc/r_cgc.o
                0x00003710                R_CGC_BusClockOutCfg
 .text.R_CGC_BusClockOutEnable
                0x00003724       0x14 ./synergy/ssp/src/driver/r_cgc/r_cgc.o
                0x00003724                R_CGC_BusClockOutEnable
 .text.R_CGC_BusClockOutDisable
                0x00003738       0x14 ./synergy/ssp/src/driver/r_cgc/r_cgc.o
                0x00003738                R_CGC_BusClockOutDisable
 .text.R_CGC_ClockOutCfg
                0x0000374c       0x18 ./synergy/ssp/src/driver/r_cgc/r_cgc.o
                0x0000374c                R_CGC_ClockOutCfg
 .text.R_CGC_ClockOutEnable
                0x00003764       0x14 ./synergy/ssp/src/driver/r_cgc/r_cgc.o
                0x00003764                R_CGC_ClockOutEnable
 .text.R_CGC_ClockOutDisable
                0x00003778       0x14 ./synergy/ssp/src/driver/r_cgc/r_cgc.o
                0x00003778                R_CGC_ClockOutDisable
 .text.R_CGC_ClockCheck
                0x0000378c       0x70 ./synergy/ssp/src/driver/r_cgc/r_cgc.o
                0x0000378c                R_CGC_ClockCheck
 .text.r_cgc_stabilization_wait
                0x000037fc       0x30 ./synergy/ssp/src/driver/r_cgc/r_cgc.o
 .text.R_CGC_ClockStart
                0x0000382c      0x1a4 ./synergy/ssp/src/driver/r_cgc/r_cgc.o
                0x0000382c                R_CGC_ClockStart
 .text.R_CGC_ClockStop
                0x000039d0       0xc8 ./synergy/ssp/src/driver/r_cgc/r_cgc.o
                0x000039d0                R_CGC_ClockStop
 .text.r_cgc_clock_start_stop
                0x00003a98       0x30 ./synergy/ssp/src/driver/r_cgc/r_cgc.o
 .text.R_CGC_SystemClockSet
                0x00003ac8      0x1c4 ./synergy/ssp/src/driver/r_cgc/r_cgc.o
                0x00003ac8                R_CGC_SystemClockSet
 .text.R_CGC_ClocksCfg
                0x00003c8c      0x16c ./synergy/ssp/src/driver/r_cgc/r_cgc.o
                0x00003c8c                R_CGC_ClocksCfg
 .text.R_CGC_SystemClockFreqGet
                0x00003df8       0x34 ./synergy/ssp/src/driver/r_cgc/r_cgc.o
                0x00003df8                R_CGC_SystemClockFreqGet
 .text.R_CGC_LCDClockEnable
                0x00003e2c       0x50 ./synergy/ssp/src/driver/r_cgc/r_cgc.o
                0x00003e2c                R_CGC_LCDClockEnable
 .text.R_CGC_LCDClockDisable
                0x00003e7c       0x50 ./synergy/ssp/src/driver/r_cgc/r_cgc.o
                0x00003e7c                R_CGC_LCDClockDisable
 .text.R_CGC_LCDClockCfg
                0x00003ecc       0x80 ./synergy/ssp/src/driver/r_cgc/r_cgc.o
                0x00003ecc                R_CGC_LCDClockCfg
 .text.R_CGC_SDADCClockEnable.part.9
                0x00003f4c       0x1c ./synergy/ssp/src/driver/r_cgc/r_cgc.o
 .text.R_CGC_SDADCClockEnable
                0x00003f68       0x1c ./synergy/ssp/src/driver/r_cgc/r_cgc.o
                0x00003f68                R_CGC_SDADCClockEnable
 .text.R_CGC_SDADCClockDisable.part.10
                0x00003f84       0x1c ./synergy/ssp/src/driver/r_cgc/r_cgc.o
 .text.R_CGC_SDADCClockDisable
                0x00003fa0       0x1c ./synergy/ssp/src/driver/r_cgc/r_cgc.o
                0x00003fa0                R_CGC_SDADCClockDisable
 .text.R_CGC_SDADCClockCfg
                0x00003fbc       0x60 ./synergy/ssp/src/driver/r_cgc/r_cgc.o
                0x00003fbc                R_CGC_SDADCClockCfg
 .text.R_CGC_SDRAMClockOutEnable
                0x0000401c       0x1c ./synergy/ssp/src/driver/r_cgc/r_cgc.o
                0x0000401c                R_CGC_SDRAMClockOutEnable
 .text.R_CGC_SDRAMClockOutDisable
                0x00004038       0x1c ./synergy/ssp/src/driver/r_cgc/r_cgc.o
                0x00004038                R_CGC_SDRAMClockOutDisable
 .text.R_CGC_USBClockCfg
                0x00004054       0x20 ./synergy/ssp/src/driver/r_cgc/r_cgc.o
                0x00004054                R_CGC_USBClockCfg
 .text.R_CGC_SystickUpdate
                0x00004074       0x50 ./synergy/ssp/src/driver/r_cgc/r_cgc.o
                0x00004074                R_CGC_SystickUpdate
 .text.R_BSP_CacheOff
                0x000040c4       0x28 ./synergy/ssp/src/bsp/mcu/s7g2/bsp_cache.o
                0x000040c4                R_BSP_CacheOff
 .text.R_BSP_CacheSet
                0x000040ec       0x48 ./synergy/ssp/src/bsp/mcu/s7g2/bsp_cache.o
                0x000040ec                R_BSP_CacheSet
 .text.bsp_clock_init
                0x00004134       0x90 ./synergy/ssp/src/bsp/mcu/s7g2/bsp_clocks.o
                0x00004134                bsp_clock_init
 .text.bsp_cpu_clock_get
                0x000041c4       0x20 ./synergy/ssp/src/bsp/mcu/s7g2/bsp_clocks.o
                0x000041c4                bsp_cpu_clock_get
 .text.bsp_clock_set_callback
                0x000041e4      0x124 ./synergy/ssp/src/bsp/mcu/s7g2/bsp_clocks.o
                0x000041e4                bsp_clock_set_callback
 .text.R_BSP_FeatureSciGet
                0x00004308        0x8 ./synergy/ssp/src/bsp/mcu/s7g2/bsp_feature.o
                0x00004308                R_BSP_FeatureSciGet
 .text.R_BSP_FeatureIoportGet
                0x00004310        0xc ./synergy/ssp/src/bsp/mcu/s7g2/bsp_feature.o
                0x00004310                R_BSP_FeatureIoportGet
 .text.R_BSP_FeatureCgcGet
                0x0000431c        0xc ./synergy/ssp/src/bsp/mcu/s7g2/bsp_feature.o
                0x0000431c                R_BSP_FeatureCgcGet
 .text.bsp_group_interrupt_open
                0x00004328       0x18 ./synergy/ssp/src/bsp/mcu/s7g2/bsp_group_irq.o
                0x00004328                bsp_group_interrupt_open
 .text.R_BSP_GroupIrqWrite
                0x00004340       0x10 ./synergy/ssp/src/bsp/mcu/s7g2/bsp_group_irq.o
                0x00004340                R_BSP_GroupIrqWrite
 .text.NMI_Handler
                0x00004350      0x1f4 ./synergy/ssp/src/bsp/mcu/s7g2/bsp_group_irq.o
                0x00004350                NMI_Handler
 .text.r_bsp_module_start_stop
                0x00004544       0xb4 ./synergy/ssp/src/bsp/mcu/s7g2/bsp_module_stop.o
 .text.R_BSP_ModuleStop
                0x000045f8        0x8 ./synergy/ssp/src/bsp/mcu/s7g2/bsp_module_stop.o
                0x000045f8                R_BSP_ModuleStop
 .text.R_BSP_ModuleStart
                0x00004600        0x8 ./synergy/ssp/src/bsp/mcu/s7g2/bsp_module_stop.o
                0x00004600                R_BSP_ModuleStart
 .text.software_delay_loop
                0x00004608        0xc ./synergy/ssp/src/bsp/mcu/all/bsp_delay.o
 .text.R_BSP_SoftwareDelay
                0x00004614       0x58 ./synergy/ssp/src/bsp/mcu/all/bsp_delay.o
                0x00004614                R_BSP_SoftwareDelay
 .text.R_BSP_IrqStatusClear
                0x0000466c       0x18 ./synergy/ssp/src/bsp/mcu/all/bsp_irq.o
                0x0000466c                R_BSP_IrqStatusClear
 .text.bsp_irq_cfg
                0x00004684       0x40 ./synergy/ssp/src/bsp/mcu/all/bsp_irq.o
                0x00004684                bsp_irq_cfg
 .text.R_BSP_HardwareLock
                0x000046c4       0x68 ./synergy/ssp/src/bsp/mcu/all/bsp_locking.o
                0x000046c4                R_BSP_HardwareLock
 .text.R_BSP_HardwareUnlock
                0x0000472c       0x4c ./synergy/ssp/src/bsp/mcu/all/bsp_locking.o
                0x0000472c                R_BSP_HardwareUnlock
 .text.bsp_init_hardware_locks
                0x00004778       0x44 ./synergy/ssp/src/bsp/mcu/all/bsp_locking.o
                0x00004778                bsp_init_hardware_locks
 .text.R_BSP_RegisterProtectEnable
                0x000047bc       0x60 ./synergy/ssp/src/bsp/mcu/all/bsp_register_protection.o
                0x000047bc                R_BSP_RegisterProtectEnable
 .text.R_BSP_RegisterProtectDisable
                0x0000481c       0x50 ./synergy/ssp/src/bsp/mcu/all/bsp_register_protection.o
                0x0000481c                R_BSP_RegisterProtectDisable
 .text.bsp_register_protect_open
                0x0000486c       0x10 ./synergy/ssp/src/bsp/mcu/all/bsp_register_protection.o
                0x0000486c                bsp_register_protect_open
 .text.Default_Handler
                0x0000487c        0x4 ./synergy/ssp/src/bsp/cmsis/Device/RENESAS/S7G2/Source/startup_S7G2.o
                0x0000487c                DebugMon_Handler
                0x0000487c                HardFault_Handler
                0x0000487c                SysTick_Handler
                0x0000487c                PendSV_Handler
                0x0000487c                UsageFault_Handler
                0x0000487c                Default_Handler
                0x0000487c                MemManage_Handler
                0x0000487c                SVC_Handler
                0x0000487c                BusFault_Handler
 .text.Reset_Handler
                0x00004880        0xc ./synergy/ssp/src/bsp/cmsis/Device/RENESAS/S7G2/Source/startup_S7G2.o
                0x00004880                Reset_Handler
 .text.R_BSP_WarmStart
                0x0000488c        0x4 ./synergy/ssp/src/bsp/cmsis/Device/RENESAS/S7G2/Source/system_S7G2.o
                0x0000488c                R_BSP_WarmStart
 .text.SystemInit
                0x00004890       0xe0 ./synergy/ssp/src/bsp/cmsis/Device/RENESAS/S7G2/Source/system_S7G2.o
                0x00004890                SystemInit
 .text.bsp_init
                0x00004970        0x4 ./synergy/board/s7g2_sk/bsp_init.o
                0x00004970                bsp_init
 .text.bsp_qspi_xip_mode
                0x00004974       0x88 ./synergy/board/s7g2_sk/bsp_qspi.o
 .text.bsp_qspi_init
                0x000049fc      0x148 ./synergy/board/s7g2_sk/bsp_qspi.o
                0x000049fc                bsp_qspi_init
 .text.startup.main
                0x00004b44        0xc ./src/synergy_gen/main.o
                0x00004b44                main
 .text.hal_entry
                0x00004b50       0xec ./src/hal_entry.o
                0x00004b50                hal_entry
 .text.button_callback_SW5
                0x00004c3c        0xc ./src/hal_entry.o
                0x00004c3c                button_callback_SW5
 .text.user_uart_callback
                0x00004c48       0x14 ./src/hal_entry.o
                0x00004c48                user_uart_callback
 .text          0x00004c5c       0x38 c:/program files (x86)/gnu tools arm embedded/4.9 2015q3/bin/../lib/gcc/arm-none-eabi/4.9.3/armv7e-m/fpu\libgcc.a(_aeabi_ldivmod.o)
                0x00004c5c                __aeabi_ldivmod
 .text          0x00004c94       0x60 c:/program files (x86)/gnu tools arm embedded/4.9 2015q3/bin/../lib/gcc/arm-none-eabi/4.9.3/armv7e-m/fpu\libgcc.a(bpabi.o)
                0x00004c94                __gnu_ldivmod_helper
                0x00004cc4                __gnu_uldivmod_helper
 .text          0x00004cf4        0x4 c:/program files (x86)/gnu tools arm embedded/4.9 2015q3/bin/../lib/gcc/arm-none-eabi/4.9.3/armv7e-m/fpu\libgcc.a(_dvmd_tls.o)
                0x00004cf4                __aeabi_idiv0
                0x00004cf4                __aeabi_ldiv0
 .text          0x00004cf8      0x29c c:/program files (x86)/gnu tools arm embedded/4.9 2015q3/bin/../lib/gcc/arm-none-eabi/4.9.3/armv7e-m/fpu\libgcc.a(_divdi3.o)
                0x00004cf8                __divdi3
 .text          0x00004f94      0x26c c:/program files (x86)/gnu tools arm embedded/4.9 2015q3/bin/../lib/gcc/arm-none-eabi/4.9.3/armv7e-m/fpu\libgcc.a(_udivdi3.o)
                0x00004f94                __udivdi3
 .text.memset   0x00005200       0x10 c:/program files (x86)/gnu tools arm embedded/4.9 2015q3/bin/../lib/gcc/arm-none-eabi/4.9.3/../../../../arm-none-eabi/lib/armv7e-m/fpu\libg_nano.a(lib_a-memset.o)
                0x00005200                memset
 *(.version)
 .version       0x00005210       0x60 ./synergy/ssp/src/bsp/mcu/all/bsp_common.o
 *(.init)
 .init          0x00005270        0x4 c:/program files (x86)/gnu tools arm embedded/4.9 2015q3/bin/../lib/gcc/arm-none-eabi/4.9.3/armv7e-m/fpu/crti.o
                0x00005270                _init
 .init          0x00005274        0x8 c:/program files (x86)/gnu tools arm embedded/4.9 2015q3/bin/../lib/gcc/arm-none-eabi/4.9.3/armv7e-m/fpu/crtn.o
 *(.fini)
 .fini          0x0000527c        0x4 c:/program files (x86)/gnu tools arm embedded/4.9 2015q3/bin/../lib/gcc/arm-none-eabi/4.9.3/armv7e-m/fpu/crti.o
                0x0000527c                _fini
 .fini          0x00005280        0x8 c:/program files (x86)/gnu tools arm embedded/4.9 2015q3/bin/../lib/gcc/arm-none-eabi/4.9.3/armv7e-m/fpu/crtn.o
 *crtbegin.o(.ctors)
 *crtbegin?.o(.ctors)
 *(EXCLUDE_FILE(*crtend.o *crtend?.o) .ctors)
 *(SORT(.ctors.*))
 *(.ctors)
 *crtbegin.o(.dtors)
 *crtbegin?.o(.dtors)
 *(EXCLUDE_FILE(*crtend.o *crtend?.o) .dtors)
 *(SORT(.dtors.*))
 *(.dtors)
 *(.rodata*)
 .rodata.async_baud
                0x00005288       0x4e ./synergy/ssp/src/driver/r_sci_uart/r_sci_uart.o
 *fill*         0x000052d6        0x2 ff
 .rodata.g_sci_uart_fifo_depth
                0x000052d8        0x4 ./synergy/ssp/src/driver/r_sci_uart/r_sci_uart.o
 .rodata.g_uart_on_sci
                0x000052dc       0x20 ./synergy/ssp/src/driver/r_sci_uart/r_sci_uart.o
                0x000052dc                g_uart_on_sci
 .rodata.g_ioport_on_ioport
                0x000052fc       0x3c ./synergy/ssp/src/driver/r_ioport/r_ioport.o
                0x000052fc                g_ioport_on_ioport
 .rodata.g_vbatt_pins_input
                0x00005338        0x6 ./synergy/ssp/src/driver/r_ioport/r_ioport.o
 *fill*         0x0000533e        0x2 ff
 .rodata.g_external_irq_on_icu
                0x00005340       0x20 ./synergy/ssp/src/driver/r_icu/r_icu.o
                0x00005340                g_external_irq_on_icu
 .rodata.g_icu_version
                0x00005360        0x4 ./synergy/ssp/src/driver/r_icu/r_icu.o
 .rodata.bit_count_mask
                0x00005364        0x8 ./synergy/ssp/src/driver/r_fmi/r_fmi.o
 .rodata.bit_count
                0x0000536c       0x80 ./synergy/ssp/src/driver/r_fmi/r_fmi.o
 .rodata.g_fmi_on_fmi
                0x000053ec       0x18 ./synergy/ssp/src/driver/r_fmi/r_fmi.o
                0x000053ec                g_fmi_on_fmi
 .rodata.g_fmi_version
                0x00005404        0x4 ./synergy/ssp/src/driver/r_fmi/r_fmi.o
 .rodata.g_elc_on_elc
                0x00005408       0x1c ./synergy/ssp/src/driver/r_elc/r_elc.o
                0x00005408                g_elc_on_elc
 .rodata.s_elc_version
                0x00005424        0x4 ./synergy/ssp/src/driver/r_elc/r_elc.o
 .rodata.g_transfer_on_dtc
                0x00005428       0x28 ./synergy/ssp/src/driver/r_dtc/r_dtc.o
                0x00005428                g_transfer_on_dtc
 .rodata.g_dtc_version
                0x00005450        0x4 ./synergy/ssp/src/driver/r_dtc/r_dtc.o
 .rodata.g_pllccr2_div_value
                0x00005454        0x6 ./synergy/ssp/src/driver/r_cgc/hw/hw_cgc.o
 *fill*         0x0000545a        0x2 ff
 .rodata.g_pllccr_div_value
                0x0000545c        0x6 ./synergy/ssp/src/driver/r_cgc/hw/hw_cgc.o
 *fill*         0x00005462        0x2 ff
 .rodata.g_pllccr_div_setting
                0x00005464        0x6 ./synergy/ssp/src/driver/r_cgc/hw/hw_cgc.o
 *fill*         0x0000546a        0x2 ff
 .rodata.g_pllccr2_div_setting
                0x0000546c        0x8 ./synergy/ssp/src/driver/r_cgc/hw/hw_cgc.o
 .rodata.g_cgc_on_cgc
                0x00005474       0x6c ./synergy/ssp/src/driver/r_cgc/r_cgc.o
                0x00005474                g_cgc_on_cgc
 .rodata.g_lcd_clock_settings
                0x000054e0        0x6 ./synergy/ssp/src/driver/r_cgc/r_cgc.o
 *fill*         0x000054e6        0x2 ff
 .rodata.g_cgc_version
                0x000054e8        0x4 ./synergy/ssp/src/driver/r_cgc/r_cgc.o
 .rodata.g_cgc_feature
                0x000054ec       0x2c ./synergy/ssp/src/bsp/mcu/s7g2/bsp_feature.o
 .rodata.g_fmi_data
                0x00005518      0x400 ./synergy/ssp/src/bsp/mcu/s7g2/bsp_fmi_R7FS7G27H3A01CFC.o
                0x00005518                g_fmi_data
 .rodata.gp_mstp
                0x00005918       0x10 ./synergy/ssp/src/bsp/mcu/s7g2/bsp_module_stop.o
 .rodata.g_bsp_module_stop
                0x00005928       0x46 ./synergy/ssp/src/bsp/mcu/s7g2/bsp_module_stop.o
 *fill*         0x0000596e        0x2 ff
 .rodata.gp_vector_information
                0x00005970        0x4 ./synergy/ssp/src/bsp/mcu/all/bsp_irq.o
                0x00005970                gp_vector_information
 .rodata.g_prcr_masks
                0x00005974        0x6 ./synergy/ssp/src/bsp/mcu/all/bsp_register_protection.o
 *fill*         0x0000597a        0x2 ff
 .rodata.g_elc_cfg
                0x0000597c        0xc ./synergy/ssp/src/bsp/cmsis/Device/RENESAS/S7G2/Source/system_S7G2.o
 .rodata.g_ioport
                0x00005988        0x8 ./src/synergy_gen/common_data.o
                0x00005988                g_ioport
 .rodata.g_transfer1_cfg
                0x00005990       0x14 ./src/synergy_gen/hal_data.o
                0x00005990                g_transfer1_cfg
 .rodata.g_transfer1
                0x000059a4        0xc ./src/synergy_gen/hal_data.o
                0x000059a4                g_transfer1
 .rodata.g_external_irq10
                0x000059b0        0xc ./src/synergy_gen/hal_data.o
                0x000059b0                g_external_irq10
 .rodata.g_uart0_cfg_extend
                0x000059bc       0x10 ./src/synergy_gen/hal_data.o
                0x000059bc                g_uart0_cfg_extend
 .rodata.g_uart0
                0x000059cc        0xc ./src/synergy_gen/hal_data.o
                0x000059cc                g_uart0
 .rodata.g_transfer0_cfg
                0x000059d8       0x14 ./src/synergy_gen/hal_data.o
                0x000059d8                g_transfer0_cfg
 .rodata.g_external_irq10_cfg
                0x000059ec       0x14 ./src/synergy_gen/hal_data.o
 .rodata.g_uart0_cfg
                0x00005a00       0x24 ./src/synergy_gen/hal_data.o
                0x00005a00                g_uart0_cfg
 .rodata.g_transfer0
                0x00005a24        0xc ./src/synergy_gen/hal_data.o
                0x00005a24                g_transfer0
 .rodata.g_bsp_pin_cfg
                0x00005a30        0x8 ./src/synergy_gen/pin_data.o
                0x00005a30                g_bsp_pin_cfg
 .rodata.g_bsp_pin_cfg_data
                0x00005a38      0x360 ./src/synergy_gen/pin_data.o
                0x00005a38                g_bsp_pin_cfg_data
                0x00005d98                __usb_dev_descriptor_start_fs = .
 *(.usb_device_desc_fs*)
                0x00005d98                __usb_cfg_descriptor_start_fs = .
 *(.usb_config_desc_fs*)
                0x00005d98                __usb_interface_descriptor_start_fs = .
 *(.usb_interface_desc_fs*)
                0x00005d98                __usb_descriptor_end_fs = .
                0x00005d98                __usb_dev_descriptor_start_hs = .
 *(.usb_device_desc_hs*)
                0x00005d98                __usb_cfg_descriptor_start_hs = .
 *(.usb_config_desc_hs*)
                0x00005d98                __usb_interface_descriptor_start_hs = .
 *(.usb_interface_desc_hs*)
                0x00005d98                __usb_descriptor_end_hs = .
 *(.eh_frame*)
 .eh_frame      0x00005d98        0x0 c:/program files (x86)/gnu tools arm embedded/4.9 2015q3/bin/../lib/gcc/arm-none-eabi/4.9.3/armv7e-m/fpu/crtbegin.o
 .eh_frame      0x00005d98        0x4 c:/program files (x86)/gnu tools arm embedded/4.9 2015q3/bin/../lib/gcc/arm-none-eabi/4.9.3/armv7e-m/fpu/crtend.o
                0x00005d9c                __ROM_End = .
                0x00000050                __Vectors_Size = (__Vectors_End - __Vectors)
                0x00000020                __Vector_Info_Size = (__Vector_Info_End - __Vector_Info_Start)
                0x000001b0                __Lock_Lookup_Size = (__Lock_Lookup_End - __Lock_Lookup_Start)

.glue_7         0x00005d9c        0x0
 .glue_7        0x00000000        0x0 linker stubs

.glue_7t        0x00005d9c        0x0
 .glue_7t       0x00000000        0x0 linker stubs

.vfp11_veneer   0x00005d9c        0x0
 .vfp11_veneer  0x00000000        0x0 linker stubs

.v4_bx          0x00005d9c        0x0
 .v4_bx         0x00000000        0x0 linker stubs

.iplt           0x00005d9c        0x0
 .iplt          0x00000000        0x0 c:/program files (x86)/gnu tools arm embedded/4.9 2015q3/bin/../lib/gcc/arm-none-eabi/4.9.3/armv7e-m/fpu/crtbegin.o

.ARM.extab
 *(.ARM.extab* .gnu.linkonce.armextab.*)
                0x00005d9c                __exidx_start = .

.ARM.exidx      0x00005d9c        0x8
 *(.ARM.exidx* .gnu.linkonce.armexidx.*)
 .ARM.exidx     0x00005d9c        0x8 c:/program files (x86)/gnu tools arm embedded/4.9 2015q3/bin/../lib/gcc/arm-none-eabi/4.9.3/armv7e-m/fpu\libgcc.a(_divdi3.o)
 .ARM.exidx     0x00005da4        0x0 c:/program files (x86)/gnu tools arm embedded/4.9 2015q3/bin/../lib/gcc/arm-none-eabi/4.9.3/armv7e-m/fpu\libgcc.a(_udivdi3.o)
                                  0x8 (size before relaxing)
                0x00005da4                __exidx_end = .
                0x00005da4                __etext = .

.ssp_dtc_vector_table
                0x1ffe0000      0x1c0
                0x1ffe0000                . = ORIGIN (RAM)
 *(.ssp_dtc_vector_table)
 .ssp_dtc_vector_table
                0x1ffe0000      0x1c0 ./synergy/ssp/src/driver/r_dtc/r_dtc.o

.data           0x1ffe01c0       0x9c load address 0x00005da4
                0x1ffe01c0                __data_start__ = .
 *(vtable)
 *(.data.*)
 .data.g_transfer1_info
                0x1ffe01c0       0x10 ./src/synergy_gen/hal_data.o
                0x1ffe01c0                g_transfer1_info
 .data.g_transfer0_info
                0x1ffe01d0       0x10 ./src/synergy_gen/hal_data.o
                0x1ffe01d0                g_transfer0_info
 .data.uartCaracter
                0x1ffe01e0        0x1 ./src/hal_entry.o
                0x1ffe01e0                uartCaracter
                0x1ffe01e4                . = ALIGN (0x4)
 *fill*         0x1ffe01e1        0x3 
                0x1ffe01e4                PROVIDE (__preinit_array_start, .)
 *(.preinit_array)
                0x1ffe01e4                PROVIDE (__preinit_array_end, .)
                0x1ffe01e4                . = ALIGN (0x4)
                0x1ffe01e4                PROVIDE (__init_array_start, .)
 *(SORT(.init_array.*))
 *(.init_array)
 .init_array    0x1ffe01e4        0x4 c:/program files (x86)/gnu tools arm embedded/4.9 2015q3/bin/../lib/gcc/arm-none-eabi/4.9.3/armv7e-m/fpu/crtbegin.o
                0x1ffe01e8                PROVIDE (__init_array_end, .)
                0x1ffe01e8                . = ALIGN (0x4)
                0x1ffe01e8                PROVIDE (__fini_array_start, .)
 *(SORT(.fini_array.*))
 *(.fini_array)
 .fini_array    0x1ffe01e8        0x4 c:/program files (x86)/gnu tools arm embedded/4.9 2015q3/bin/../lib/gcc/arm-none-eabi/4.9.3/armv7e-m/fpu/crtbegin.o
                0x1ffe01ec                PROVIDE (__fini_array_end, .)
 *(.jcr*)
 .jcr           0x1ffe01ec        0x0 c:/program files (x86)/gnu tools arm embedded/4.9 2015q3/bin/../lib/gcc/arm-none-eabi/4.9.3/armv7e-m/fpu/crtbegin.o
 .jcr           0x1ffe01ec        0x4 c:/program files (x86)/gnu tools arm embedded/4.9 2015q3/bin/../lib/gcc/arm-none-eabi/4.9.3/armv7e-m/fpu/crtend.o
                0x1ffe01f0                . = ALIGN (0x4)
                0x1ffe01f0                __Code_In_RAM_Start = .
 *(.code_in_ram*)
                0x1ffe01f0                __Code_In_RAM_End = .
                0x1ffe01f0                __Lock_Start = .
 *(SORT(.hw_lock*))
 .hw_lock.ADC_0U_0U
                0x1ffe01f0        0x1 ./synergy/ssp/src/bsp/mcu/s7g2/bsp_hw_locks.o
                0x1ffe01f0                g_hw_lock_ADC_0U_0U
 .hw_lock.ADC_0U_1U
                0x1ffe01f1        0x1 ./synergy/ssp/src/bsp/mcu/s7g2/bsp_hw_locks.o
                0x1ffe01f1                g_hw_lock_ADC_0U_1U
 .hw_lock.AGT_0U_0U
                0x1ffe01f2        0x1 ./synergy/ssp/src/bsp/mcu/s7g2/bsp_hw_locks.o
                0x1ffe01f2                g_hw_lock_AGT_0U_0U
 .hw_lock.AGT_0U_1U
                0x1ffe01f3        0x1 ./synergy/ssp/src/bsp/mcu/s7g2/bsp_hw_locks.o
                0x1ffe01f3                g_hw_lock_AGT_0U_1U
 .hw_lock.BSC_0U_1U
                0x1ffe01f4        0x1 ./synergy/ssp/src/bsp/mcu/s7g2/bsp_hw_locks.o
                0x1ffe01f4                g_hw_lock_BSC_0U_1U
 .hw_lock.CAC_0U_0U
                0x1ffe01f5        0x1 ./synergy/ssp/src/bsp/mcu/s7g2/bsp_hw_locks.o
                0x1ffe01f5                g_hw_lock_CAC_0U_0U
 .hw_lock.CAN_0U_0U
                0x1ffe01f6        0x1 ./synergy/ssp/src/bsp/mcu/s7g2/bsp_hw_locks.o
                0x1ffe01f6                g_hw_lock_CAN_0U_0U
 .hw_lock.CAN_0U_1U
                0x1ffe01f7        0x1 ./synergy/ssp/src/bsp/mcu/s7g2/bsp_hw_locks.o
                0x1ffe01f7                g_hw_lock_CAN_0U_1U
 .hw_lock.COMP_HS_0U_0U
                0x1ffe01f8        0x1 ./synergy/ssp/src/bsp/mcu/s7g2/bsp_hw_locks.o
                0x1ffe01f8                g_hw_lock_COMP_HS_0U_0U
 .hw_lock.COMP_HS_0U_1U
                0x1ffe01f9        0x1 ./synergy/ssp/src/bsp/mcu/s7g2/bsp_hw_locks.o
                0x1ffe01f9                g_hw_lock_COMP_HS_0U_1U
 .hw_lock.COMP_HS_0U_2U
                0x1ffe01fa        0x1 ./synergy/ssp/src/bsp/mcu/s7g2/bsp_hw_locks.o
                0x1ffe01fa                g_hw_lock_COMP_HS_0U_2U
 .hw_lock.COMP_HS_0U_3U
                0x1ffe01fb        0x1 ./synergy/ssp/src/bsp/mcu/s7g2/bsp_hw_locks.o
                0x1ffe01fb                g_hw_lock_COMP_HS_0U_3U
 .hw_lock.COMP_HS_0U_4U
                0x1ffe01fc        0x1 ./synergy/ssp/src/bsp/mcu/s7g2/bsp_hw_locks.o
                0x1ffe01fc                g_hw_lock_COMP_HS_0U_4U
 .hw_lock.COMP_HS_0U_5U
                0x1ffe01fd        0x1 ./synergy/ssp/src/bsp/mcu/s7g2/bsp_hw_locks.o
                0x1ffe01fd                g_hw_lock_COMP_HS_0U_5U
 .hw_lock.CRC_0U_0U
                0x1ffe01fe        0x1 ./synergy/ssp/src/bsp/mcu/s7g2/bsp_hw_locks.o
                0x1ffe01fe                g_hw_lock_CRC_0U_0U
 .hw_lock.CTSU_0U_0U
                0x1ffe01ff        0x1 ./synergy/ssp/src/bsp/mcu/s7g2/bsp_hw_locks.o
                0x1ffe01ff                g_hw_lock_CTSU_0U_0U
 .hw_lock.DAAD_0U_0U
                0x1ffe0200        0x1 ./synergy/ssp/src/bsp/mcu/s7g2/bsp_hw_locks.o
                0x1ffe0200                g_hw_lock_DAAD_0U_0U
 .hw_lock.DAC_0U_0U
                0x1ffe0201        0x1 ./synergy/ssp/src/bsp/mcu/s7g2/bsp_hw_locks.o
                0x1ffe0201                g_hw_lock_DAC_0U_0U
 .hw_lock.DAC_0U_1U
                0x1ffe0202        0x1 ./synergy/ssp/src/bsp/mcu/s7g2/bsp_hw_locks.o
                0x1ffe0202                g_hw_lock_DAC_0U_1U
 .hw_lock.DMAC_0U_0U
                0x1ffe0203        0x1 ./synergy/ssp/src/bsp/mcu/s7g2/bsp_hw_locks.o
                0x1ffe0203                g_hw_lock_DMAC_0U_0U
 .hw_lock.DMAC_0U_1U
                0x1ffe0204        0x1 ./synergy/ssp/src/bsp/mcu/s7g2/bsp_hw_locks.o
                0x1ffe0204                g_hw_lock_DMAC_0U_1U
 .hw_lock.DMAC_0U_2U
                0x1ffe0205        0x1 ./synergy/ssp/src/bsp/mcu/s7g2/bsp_hw_locks.o
                0x1ffe0205                g_hw_lock_DMAC_0U_2U
 .hw_lock.DMAC_0U_3U
                0x1ffe0206        0x1 ./synergy/ssp/src/bsp/mcu/s7g2/bsp_hw_locks.o
                0x1ffe0206                g_hw_lock_DMAC_0U_3U
 .hw_lock.DMAC_0U_4U
                0x1ffe0207        0x1 ./synergy/ssp/src/bsp/mcu/s7g2/bsp_hw_locks.o
                0x1ffe0207                g_hw_lock_DMAC_0U_4U
 .hw_lock.DMAC_0U_5U
                0x1ffe0208        0x1 ./synergy/ssp/src/bsp/mcu/s7g2/bsp_hw_locks.o
                0x1ffe0208                g_hw_lock_DMAC_0U_5U
 .hw_lock.DMAC_0U_6U
                0x1ffe0209        0x1 ./synergy/ssp/src/bsp/mcu/s7g2/bsp_hw_locks.o
                0x1ffe0209                g_hw_lock_DMAC_0U_6U
 .hw_lock.DMAC_0U_7U
                0x1ffe020a        0x1 ./synergy/ssp/src/bsp/mcu/s7g2/bsp_hw_locks.o
                0x1ffe020a                g_hw_lock_DMAC_0U_7U
 .hw_lock.DOC_0U_0U
                0x1ffe020b        0x1 ./synergy/ssp/src/bsp/mcu/s7g2/bsp_hw_locks.o
                0x1ffe020b                g_hw_lock_DOC_0U_0U
 .hw_lock.DRW_0U_0U
                0x1ffe020c        0x1 ./synergy/ssp/src/bsp/mcu/s7g2/bsp_hw_locks.o
                0x1ffe020c                g_hw_lock_DRW_0U_0U
 .hw_lock.DTC_0U_0U
                0x1ffe020d        0x1 ./synergy/ssp/src/bsp/mcu/s7g2/bsp_hw_locks.o
                0x1ffe020d                g_hw_lock_DTC_0U_0U
 .hw_lock.ELC_0U_0U
                0x1ffe020e        0x1 ./synergy/ssp/src/bsp/mcu/s7g2/bsp_hw_locks.o
                0x1ffe020e                g_hw_lock_ELC_0U_0U
 .hw_lock.EPTPC_0U_0U
                0x1ffe020f        0x1 ./synergy/ssp/src/bsp/mcu/s7g2/bsp_hw_locks.o
                0x1ffe020f                g_hw_lock_EPTPC_0U_0U
 .hw_lock.ETHER_0U_0U
                0x1ffe0210        0x1 ./synergy/ssp/src/bsp/mcu/s7g2/bsp_hw_locks.o
                0x1ffe0210                g_hw_lock_ETHER_0U_0U
 .hw_lock.ETHER_0U_1U
                0x1ffe0211        0x1 ./synergy/ssp/src/bsp/mcu/s7g2/bsp_hw_locks.o
                0x1ffe0211                g_hw_lock_ETHER_0U_1U
 .hw_lock.FCU_0U_0U
                0x1ffe0212        0x1 ./synergy/ssp/src/bsp/mcu/s7g2/bsp_hw_locks.o
                0x1ffe0212                g_hw_lock_FCU_0U_0U
 .hw_lock.GLCDC_0U_0U
                0x1ffe0213        0x1 ./synergy/ssp/src/bsp/mcu/s7g2/bsp_hw_locks.o
                0x1ffe0213                g_hw_lock_GLCDC_0U_0U
 .hw_lock.GPT_0U_0U
                0x1ffe0214        0x1 ./synergy/ssp/src/bsp/mcu/s7g2/bsp_hw_locks.o
                0x1ffe0214                g_hw_lock_GPT_0U_0U
 .hw_lock.GPT_0U_10U
                0x1ffe0215        0x1 ./synergy/ssp/src/bsp/mcu/s7g2/bsp_hw_locks.o
                0x1ffe0215                g_hw_lock_GPT_0U_10U
 .hw_lock.GPT_0U_11U
                0x1ffe0216        0x1 ./synergy/ssp/src/bsp/mcu/s7g2/bsp_hw_locks.o
                0x1ffe0216                g_hw_lock_GPT_0U_11U
 .hw_lock.GPT_0U_12U
                0x1ffe0217        0x1 ./synergy/ssp/src/bsp/mcu/s7g2/bsp_hw_locks.o
                0x1ffe0217                g_hw_lock_GPT_0U_12U
 .hw_lock.GPT_0U_13U
                0x1ffe0218        0x1 ./synergy/ssp/src/bsp/mcu/s7g2/bsp_hw_locks.o
                0x1ffe0218                g_hw_lock_GPT_0U_13U
 .hw_lock.GPT_0U_1U
                0x1ffe0219        0x1 ./synergy/ssp/src/bsp/mcu/s7g2/bsp_hw_locks.o
                0x1ffe0219                g_hw_lock_GPT_0U_1U
 .hw_lock.GPT_0U_2U
                0x1ffe021a        0x1 ./synergy/ssp/src/bsp/mcu/s7g2/bsp_hw_locks.o
                0x1ffe021a                g_hw_lock_GPT_0U_2U
 .hw_lock.GPT_0U_3U
                0x1ffe021b        0x1 ./synergy/ssp/src/bsp/mcu/s7g2/bsp_hw_locks.o
                0x1ffe021b                g_hw_lock_GPT_0U_3U
 .hw_lock.GPT_0U_4U
                0x1ffe021c        0x1 ./synergy/ssp/src/bsp/mcu/s7g2/bsp_hw_locks.o
                0x1ffe021c                g_hw_lock_GPT_0U_4U
 .hw_lock.GPT_0U_5U
                0x1ffe021d        0x1 ./synergy/ssp/src/bsp/mcu/s7g2/bsp_hw_locks.o
                0x1ffe021d                g_hw_lock_GPT_0U_5U
 .hw_lock.GPT_0U_6U
                0x1ffe021e        0x1 ./synergy/ssp/src/bsp/mcu/s7g2/bsp_hw_locks.o
                0x1ffe021e                g_hw_lock_GPT_0U_6U
 .hw_lock.GPT_0U_7U
                0x1ffe021f        0x1 ./synergy/ssp/src/bsp/mcu/s7g2/bsp_hw_locks.o
                0x1ffe021f                g_hw_lock_GPT_0U_7U
 .hw_lock.GPT_0U_8U
                0x1ffe0220        0x1 ./synergy/ssp/src/bsp/mcu/s7g2/bsp_hw_locks.o
                0x1ffe0220                g_hw_lock_GPT_0U_8U
 .hw_lock.GPT_0U_9U
                0x1ffe0221        0x1 ./synergy/ssp/src/bsp/mcu/s7g2/bsp_hw_locks.o
                0x1ffe0221                g_hw_lock_GPT_0U_9U
 .hw_lock.ICU_0U_0U
                0x1ffe0222        0x1 ./synergy/ssp/src/bsp/mcu/s7g2/bsp_hw_locks.o
                0x1ffe0222                g_hw_lock_ICU_0U_0U
 .hw_lock.ICU_0U_10U
                0x1ffe0223        0x1 ./synergy/ssp/src/bsp/mcu/s7g2/bsp_hw_locks.o
                0x1ffe0223                g_hw_lock_ICU_0U_10U
 .hw_lock.ICU_0U_11U
                0x1ffe0224        0x1 ./synergy/ssp/src/bsp/mcu/s7g2/bsp_hw_locks.o
                0x1ffe0224                g_hw_lock_ICU_0U_11U
 .hw_lock.ICU_0U_12U
                0x1ffe0225        0x1 ./synergy/ssp/src/bsp/mcu/s7g2/bsp_hw_locks.o
                0x1ffe0225                g_hw_lock_ICU_0U_12U
 .hw_lock.ICU_0U_13U
                0x1ffe0226        0x1 ./synergy/ssp/src/bsp/mcu/s7g2/bsp_hw_locks.o
                0x1ffe0226                g_hw_lock_ICU_0U_13U
 .hw_lock.ICU_0U_14U
                0x1ffe0227        0x1 ./synergy/ssp/src/bsp/mcu/s7g2/bsp_hw_locks.o
                0x1ffe0227                g_hw_lock_ICU_0U_14U
 .hw_lock.ICU_0U_15U
                0x1ffe0228        0x1 ./synergy/ssp/src/bsp/mcu/s7g2/bsp_hw_locks.o
                0x1ffe0228                g_hw_lock_ICU_0U_15U
 .hw_lock.ICU_0U_1U
                0x1ffe0229        0x1 ./synergy/ssp/src/bsp/mcu/s7g2/bsp_hw_locks.o
                0x1ffe0229                g_hw_lock_ICU_0U_1U
 .hw_lock.ICU_0U_2U
                0x1ffe022a        0x1 ./synergy/ssp/src/bsp/mcu/s7g2/bsp_hw_locks.o
                0x1ffe022a                g_hw_lock_ICU_0U_2U
 .hw_lock.ICU_0U_3U
                0x1ffe022b        0x1 ./synergy/ssp/src/bsp/mcu/s7g2/bsp_hw_locks.o
                0x1ffe022b                g_hw_lock_ICU_0U_3U
 .hw_lock.ICU_0U_4U
                0x1ffe022c        0x1 ./synergy/ssp/src/bsp/mcu/s7g2/bsp_hw_locks.o
                0x1ffe022c                g_hw_lock_ICU_0U_4U
 .hw_lock.ICU_0U_5U
                0x1ffe022d        0x1 ./synergy/ssp/src/bsp/mcu/s7g2/bsp_hw_locks.o
                0x1ffe022d                g_hw_lock_ICU_0U_5U
 .hw_lock.ICU_0U_6U
                0x1ffe022e        0x1 ./synergy/ssp/src/bsp/mcu/s7g2/bsp_hw_locks.o
                0x1ffe022e                g_hw_lock_ICU_0U_6U
 .hw_lock.ICU_0U_7U
                0x1ffe022f        0x1 ./synergy/ssp/src/bsp/mcu/s7g2/bsp_hw_locks.o
                0x1ffe022f                g_hw_lock_ICU_0U_7U
 .hw_lock.ICU_0U_8U
                0x1ffe0230        0x1 ./synergy/ssp/src/bsp/mcu/s7g2/bsp_hw_locks.o
                0x1ffe0230                g_hw_lock_ICU_0U_8U
 .hw_lock.ICU_0U_9U
                0x1ffe0231        0x1 ./synergy/ssp/src/bsp/mcu/s7g2/bsp_hw_locks.o
                0x1ffe0231                g_hw_lock_ICU_0U_9U
 .hw_lock.IIC_0U_0U
                0x1ffe0232        0x1 ./synergy/ssp/src/bsp/mcu/s7g2/bsp_hw_locks.o
                0x1ffe0232                g_hw_lock_IIC_0U_0U
 .hw_lock.IIC_0U_1U
                0x1ffe0233        0x1 ./synergy/ssp/src/bsp/mcu/s7g2/bsp_hw_locks.o
                0x1ffe0233                g_hw_lock_IIC_0U_1U
 .hw_lock.IIC_0U_2U
                0x1ffe0234        0x1 ./synergy/ssp/src/bsp/mcu/s7g2/bsp_hw_locks.o
                0x1ffe0234                g_hw_lock_IIC_0U_2U
 .hw_lock.IRDA_0U_0U
                0x1ffe0235        0x1 ./synergy/ssp/src/bsp/mcu/s7g2/bsp_hw_locks.o
                0x1ffe0235                g_hw_lock_IRDA_0U_0U
 .hw_lock.IWDT_0U_0U
                0x1ffe0236        0x1 ./synergy/ssp/src/bsp/mcu/s7g2/bsp_hw_locks.o
                0x1ffe0236                g_hw_lock_IWDT_0U_0U
 .hw_lock.JPEG_0U_0U
                0x1ffe0237        0x1 ./synergy/ssp/src/bsp/mcu/s7g2/bsp_hw_locks.o
                0x1ffe0237                g_hw_lock_JPEG_0U_0U
 .hw_lock.KEY_0U_0U
                0x1ffe0238        0x1 ./synergy/ssp/src/bsp/mcu/s7g2/bsp_hw_locks.o
                0x1ffe0238                g_hw_lock_KEY_0U_0U
 .hw_lock.LPM_1U_0U
                0x1ffe0239        0x1 ./synergy/ssp/src/bsp/mcu/s7g2/bsp_hw_locks.o
                0x1ffe0239                g_hw_lock_LPM_1U_0U
 .hw_lock.LVD_0U_0U
                0x1ffe023a        0x1 ./synergy/ssp/src/bsp/mcu/s7g2/bsp_hw_locks.o
                0x1ffe023a                g_hw_lock_LVD_0U_0U
 .hw_lock.LVD_0U_1U
                0x1ffe023b        0x1 ./synergy/ssp/src/bsp/mcu/s7g2/bsp_hw_locks.o
                0x1ffe023b                g_hw_lock_LVD_0U_1U
 .hw_lock.MMF_0U_0U
                0x1ffe023c        0x1 ./synergy/ssp/src/bsp/mcu/s7g2/bsp_hw_locks.o
                0x1ffe023c                g_hw_lock_MMF_0U_0U
 .hw_lock.MPU_0U_0U
                0x1ffe023d        0x1 ./synergy/ssp/src/bsp/mcu/s7g2/bsp_hw_locks.o
                0x1ffe023d                g_hw_lock_MPU_0U_0U
 .hw_lock.OPS_0U_0U
                0x1ffe023e        0x1 ./synergy/ssp/src/bsp/mcu/s7g2/bsp_hw_locks.o
                0x1ffe023e                g_hw_lock_OPS_0U_0U
 .hw_lock.PDC_0U_0U
                0x1ffe023f        0x1 ./synergy/ssp/src/bsp/mcu/s7g2/bsp_hw_locks.o
                0x1ffe023f                g_hw_lock_PDC_0U_0U
 .hw_lock.POEG_0U_0U
                0x1ffe0240        0x1 ./synergy/ssp/src/bsp/mcu/s7g2/bsp_hw_locks.o
                0x1ffe0240                g_hw_lock_POEG_0U_0U
 .hw_lock.POEG_0U_1U
                0x1ffe0241        0x1 ./synergy/ssp/src/bsp/mcu/s7g2/bsp_hw_locks.o
                0x1ffe0241                g_hw_lock_POEG_0U_1U
 .hw_lock.POEG_0U_2U
                0x1ffe0242        0x1 ./synergy/ssp/src/bsp/mcu/s7g2/bsp_hw_locks.o
                0x1ffe0242                g_hw_lock_POEG_0U_2U
 .hw_lock.POEG_0U_3U
                0x1ffe0243        0x1 ./synergy/ssp/src/bsp/mcu/s7g2/bsp_hw_locks.o
                0x1ffe0243                g_hw_lock_POEG_0U_3U
 .hw_lock.QSPI_0U_0U
                0x1ffe0244        0x1 ./synergy/ssp/src/bsp/mcu/s7g2/bsp_hw_locks.o
                0x1ffe0244                g_hw_lock_QSPI_0U_0U
 .hw_lock.RTC_0U_0U
                0x1ffe0245        0x1 ./synergy/ssp/src/bsp/mcu/s7g2/bsp_hw_locks.o
                0x1ffe0245                g_hw_lock_RTC_0U_0U
 .hw_lock.SCE_0U_0U
                0x1ffe0246        0x1 ./synergy/ssp/src/bsp/mcu/s7g2/bsp_hw_locks.o
                0x1ffe0246                g_hw_lock_SCE_0U_0U
 .hw_lock.SCI_0U_0U
                0x1ffe0247        0x1 ./synergy/ssp/src/bsp/mcu/s7g2/bsp_hw_locks.o
                0x1ffe0247                g_hw_lock_SCI_0U_0U
 .hw_lock.SCI_0U_1U
                0x1ffe0248        0x1 ./synergy/ssp/src/bsp/mcu/s7g2/bsp_hw_locks.o
                0x1ffe0248                g_hw_lock_SCI_0U_1U
 .hw_lock.SCI_0U_2U
                0x1ffe0249        0x1 ./synergy/ssp/src/bsp/mcu/s7g2/bsp_hw_locks.o
                0x1ffe0249                g_hw_lock_SCI_0U_2U
 .hw_lock.SCI_0U_3U
                0x1ffe024a        0x1 ./synergy/ssp/src/bsp/mcu/s7g2/bsp_hw_locks.o
                0x1ffe024a                g_hw_lock_SCI_0U_3U
 .hw_lock.SCI_0U_4U
                0x1ffe024b        0x1 ./synergy/ssp/src/bsp/mcu/s7g2/bsp_hw_locks.o
                0x1ffe024b                g_hw_lock_SCI_0U_4U
 .hw_lock.SCI_0U_5U
                0x1ffe024c        0x1 ./synergy/ssp/src/bsp/mcu/s7g2/bsp_hw_locks.o
                0x1ffe024c                g_hw_lock_SCI_0U_5U
 .hw_lock.SCI_0U_6U
                0x1ffe024d        0x1 ./synergy/ssp/src/bsp/mcu/s7g2/bsp_hw_locks.o
                0x1ffe024d                g_hw_lock_SCI_0U_6U
 .hw_lock.SCI_0U_7U
                0x1ffe024e        0x1 ./synergy/ssp/src/bsp/mcu/s7g2/bsp_hw_locks.o
                0x1ffe024e                g_hw_lock_SCI_0U_7U
 .hw_lock.SCI_0U_8U
                0x1ffe024f        0x1 ./synergy/ssp/src/bsp/mcu/s7g2/bsp_hw_locks.o
                0x1ffe024f                g_hw_lock_SCI_0U_8U
 .hw_lock.SCI_0U_9U
                0x1ffe0250        0x1 ./synergy/ssp/src/bsp/mcu/s7g2/bsp_hw_locks.o
                0x1ffe0250                g_hw_lock_SCI_0U_9U
 .hw_lock.SDHIMMC_0U_0U
                0x1ffe0251        0x1 ./synergy/ssp/src/bsp/mcu/s7g2/bsp_hw_locks.o
                0x1ffe0251                g_hw_lock_SDHIMMC_0U_0U
 .hw_lock.SDHIMMC_0U_1U
                0x1ffe0252        0x1 ./synergy/ssp/src/bsp/mcu/s7g2/bsp_hw_locks.o
                0x1ffe0252                g_hw_lock_SDHIMMC_0U_1U
 .hw_lock.SPI_0U_0U
                0x1ffe0253        0x1 ./synergy/ssp/src/bsp/mcu/s7g2/bsp_hw_locks.o
                0x1ffe0253                g_hw_lock_SPI_0U_0U
 .hw_lock.SPI_0U_1U
                0x1ffe0254        0x1 ./synergy/ssp/src/bsp/mcu/s7g2/bsp_hw_locks.o
                0x1ffe0254                g_hw_lock_SPI_0U_1U
 .hw_lock.SRC_0U_0U
                0x1ffe0255        0x1 ./synergy/ssp/src/bsp/mcu/s7g2/bsp_hw_locks.o
                0x1ffe0255                g_hw_lock_SRC_0U_0U
 .hw_lock.SSI_0U_0U
                0x1ffe0256        0x1 ./synergy/ssp/src/bsp/mcu/s7g2/bsp_hw_locks.o
                0x1ffe0256                g_hw_lock_SSI_0U_0U
 .hw_lock.SSI_0U_1U
                0x1ffe0257        0x1 ./synergy/ssp/src/bsp/mcu/s7g2/bsp_hw_locks.o
                0x1ffe0257                g_hw_lock_SSI_0U_1U
 .hw_lock.TSN_0U_0U
                0x1ffe0258        0x1 ./synergy/ssp/src/bsp/mcu/s7g2/bsp_hw_locks.o
                0x1ffe0258                g_hw_lock_TSN_0U_0U
 .hw_lock.USB_0U_0U
                0x1ffe0259        0x1 ./synergy/ssp/src/bsp/mcu/s7g2/bsp_hw_locks.o
                0x1ffe0259                g_hw_lock_USB_0U_0U
 .hw_lock.USB_1U_0U
                0x1ffe025a        0x1 ./synergy/ssp/src/bsp/mcu/s7g2/bsp_hw_locks.o
                0x1ffe025a                g_hw_lock_USB_1U_0U
 .hw_lock.WDT_0U_0U
                0x1ffe025b        0x1 ./synergy/ssp/src/bsp/mcu/s7g2/bsp_hw_locks.o
                0x1ffe025b                g_hw_lock_WDT_0U_0U
                0x1ffe025c                __Lock_End = .
                0x1ffe025c                . = ALIGN (0x4)
                0x1ffe025c                __data_end__ = .
                0x0000006c                __Lock_Size = (__Lock_End - __Lock_Start)

.igot.plt       0x1ffe025c        0x0 load address 0x00005e40
 .igot.plt      0x00000000        0x0 c:/program files (x86)/gnu tools arm embedded/4.9 2015q3/bin/../lib/gcc/arm-none-eabi/4.9.3/armv7e-m/fpu/crtbegin.o

.qspi_flash     0x60000000        0x0
                0x60000000                __qspi_flash_start__ = .
 *(.qspi_flash*)
                0x60000000                __qspi_flash_end__ = .
                0x00000000                __qspi_flash_code_size__ = (__qspi_flash_end__ - __qspi_flash_start__)
                0x00005e40                __qspi_flash_code_addr__ = (__etext + (__data_end__ - __data_start__))

.qspi_non_retentive
                0x60000000        0x0 load address 0x00005e40
                0x60000000                __qspi_non_retentive_start__ = .
 *(.qspi_non_retentive*)
                0x60000000                __qspi_non_retentive_end__ = .
                0x00000000                __qspi_non_retentive_size__ = (__qspi_non_retentive_end__ - __qspi_non_retentive_start__)
                0x04000000                __qspi_region_max_size__ = 0x4000000
                0x60000000                __qspi_region_start_address__ = __qspi_flash_start__
                0x64000000                __qspi_region_end_address__ = (__qspi_flash_start__ + __qspi_region_max_size__)

.noinit         0x1ffe025c       0x38 load address 0x00005e40
                0x1ffe025c                . = ALIGN (0x4)
                0x1ffe025c                __noinit_start = .
 *(.noinit*)
 .noinit        0x1ffe025c       0x14 ./synergy/ssp/src/driver/r_ioport/r_ioport.o
 .noinit        0x1ffe0270        0x4 ./synergy/ssp/src/driver/r_fmi/r_fmi.o
 .noinit        0x1ffe0274       0x18 ./synergy/ssp/src/driver/r_cgc/hw/hw_cgc.o
 .noinit        0x1ffe028c        0x8 ./synergy/ssp/src/driver/r_cgc/r_cgc.o
                0x1ffe028c                gp_cgc_feature
                0x1ffe0294                __noinit_end = .

.bss            0x1ffe0294      0x104 load address 0x00005e78
                0x1ffe0294                . = ALIGN (0x4)
                0x1ffe0294                __bss_start__ = .
 *(.bss*)
 .bss           0x1ffe0294       0x1c c:/program files (x86)/gnu tools arm embedded/4.9 2015q3/bin/../lib/gcc/arm-none-eabi/4.9.3/armv7e-m/fpu/crtbegin.o
 .bss.g_protect_pfswe_counter
                0x1ffe02b0        0x2 ./synergy/ssp/src/driver/r_ioport/r_ioport.o
                0x1ffe02b0                g_protect_pfswe_counter
 *fill*         0x1ffe02b2        0x2 
 .bss.gp_elc_reg
                0x1ffe02b4        0x4 ./synergy/ssp/src/driver/r_elc/r_elc.o
 .bss.gp_icu_regs
                0x1ffe02b8        0x4 ./synergy/ssp/src/driver/r_dtc/r_dtc.o
 .bss.gp_dtc_regs
                0x1ffe02bc        0x4 ./synergy/ssp/src/driver/r_dtc/r_dtc.o
 .bss.g_dtc_state_initialized
                0x1ffe02c0        0x1 ./synergy/ssp/src/driver/r_dtc/r_dtc.o
 *fill*         0x1ffe02c1        0x3 
 .bss.g_bsp_group_irq_sources
                0x1ffe02c4       0x30 ./synergy/ssp/src/bsp/mcu/s7g2/bsp_group_irq.o
 .bss.g_vector_information_size
                0x1ffe02f4        0x4 ./synergy/ssp/src/bsp/mcu/all/bsp_irq.o
                0x1ffe02f4                g_vector_information_size
 .bss.g_bsp_lock_lookup_size
                0x1ffe02f8        0x4 ./synergy/ssp/src/bsp/mcu/all/bsp_locking.o
 .bss.gp_bsp_lock_lookup
                0x1ffe02fc        0x4 ./synergy/ssp/src/bsp/mcu/all/bsp_locking.o
 .bss.gp_bsp_locks
                0x1ffe0300        0x4 ./synergy/ssp/src/bsp/mcu/all/bsp_locking.o
 .bss.g_protect_counters
                0x1ffe0304        0x6 ./synergy/ssp/src/bsp/mcu/all/bsp_register_protection.o
 *fill*         0x1ffe030a        0x2 
 .bss.SystemCoreClock
                0x1ffe030c        0x4 ./synergy/ssp/src/bsp/cmsis/Device/RENESAS/S7G2/Source/system_S7G2.o
                0x1ffe030c                SystemCoreClock
 .bss.device_characteristics
                0x1ffe0310        0x3 ./synergy/board/s7g2_sk/bsp_qspi.o
 *fill*         0x1ffe0313        0x1 
 .bss.flag_status1
                0x1ffe0314        0x1 ./synergy/board/s7g2_sk/bsp_qspi.o
 *fill*         0x1ffe0315        0x3 
 .bss.flag_status2
                0x1ffe0318        0x1 ./synergy/board/s7g2_sk/bsp_qspi.o
 *fill*         0x1ffe0319        0x3 
 .bss.gp_ctrl_SCI_0_RXI
                0x1ffe031c        0x4 ./src/synergy_gen/hal_data.o
 .bss.gp_ctrl_SCI_0_TXI
                0x1ffe0320        0x4 ./src/synergy_gen/hal_data.o
 .bss.gp_ctrl_ICU_IRQ10
                0x1ffe0324        0x4 ./src/synergy_gen/hal_data.o
 .bss.g_external_irq10_ctrl
                0x1ffe0328       0x14 ./src/synergy_gen/hal_data.o
 .bss.gp_ctrl_SCI_0_TEI
                0x1ffe033c        0x4 ./src/synergy_gen/hal_data.o
 .bss.P62_Status
                0x1ffe0340        0x1 ./src/hal_entry.o
                0x1ffe0340                P62_Status
 .bss.change    0x1ffe0341        0x1 ./src/hal_entry.o
                0x1ffe0341                change
 .bss.P05_Status
                0x1ffe0342        0x1 ./src/hal_entry.o
                0x1ffe0342                P05_Status
 .bss.P06_Status
                0x1ffe0343        0x1 ./src/hal_entry.o
                0x1ffe0343                P06_Status
 .bss.P60_Status
                0x1ffe0344        0x1 ./src/hal_entry.o
                0x1ffe0344                P60_Status
 .bss.P61_Status
                0x1ffe0345        0x1 ./src/hal_entry.o
                0x1ffe0345                P61_Status
 *(COMMON)
 *fill*         0x1ffe0346        0x2 
 COMMON         0x1ffe0348       0x4c ./src/synergy_gen/hal_data.o
                0x1ffe0348                g_transfer0_ctrl
                0x1ffe0358                g_transfer1_ctrl
                0x1ffe0368                g_uart0_ctrl
 COMMON         0x1ffe0394        0x1 ./src/hal_entry.o
                0x1ffe0394                uartRXCaracter